Archive member included to satisfy reference by file (symbol)

c:/program files (x86)/atmel/studio/7.0/toolchain/avr8/avr8-gnu-toolchain/bin/../lib/gcc/avr/5.4.0/../../../../avr/lib/avrxmega7\libm.a(addsf3.o)
                              src/main.o (__subsf3)
c:/program files (x86)/atmel/studio/7.0/toolchain/avr8/avr8-gnu-toolchain/bin/../lib/gcc/avr/5.4.0/../../../../avr/lib/avrxmega7\libm.a(addsf3x.o)
                              c:/program files (x86)/atmel/studio/7.0/toolchain/avr8/avr8-gnu-toolchain/bin/../lib/gcc/avr/5.4.0/../../../../avr/lib/avrxmega7\libm.a(addsf3.o) (__addsf3x)
c:/program files (x86)/atmel/studio/7.0/toolchain/avr8/avr8-gnu-toolchain/bin/../lib/gcc/avr/5.4.0/../../../../avr/lib/avrxmega7\libm.a(divsf3.o)
                              src/main.o (__divsf3)
c:/program files (x86)/atmel/studio/7.0/toolchain/avr8/avr8-gnu-toolchain/bin/../lib/gcc/avr/5.4.0/../../../../avr/lib/avrxmega7\libm.a(divsf3x.o)
                              c:/program files (x86)/atmel/studio/7.0/toolchain/avr8/avr8-gnu-toolchain/bin/../lib/gcc/avr/5.4.0/../../../../avr/lib/avrxmega7\libm.a(divsf3.o) (__divsf3x)
c:/program files (x86)/atmel/studio/7.0/toolchain/avr8/avr8-gnu-toolchain/bin/../lib/gcc/avr/5.4.0/../../../../avr/lib/avrxmega7\libm.a(fixsfsi.o)
                              src/main.o (__fixsfsi)
c:/program files (x86)/atmel/studio/7.0/toolchain/avr8/avr8-gnu-toolchain/bin/../lib/gcc/avr/5.4.0/../../../../avr/lib/avrxmega7\libm.a(fixunssfsi.o)
                              src/main.o (__fixunssfsi)
c:/program files (x86)/atmel/studio/7.0/toolchain/avr8/avr8-gnu-toolchain/bin/../lib/gcc/avr/5.4.0/../../../../avr/lib/avrxmega7\libm.a(floatsisf.o)
                              src/main.o (__floatunsisf)
c:/program files (x86)/atmel/studio/7.0/toolchain/avr8/avr8-gnu-toolchain/bin/../lib/gcc/avr/5.4.0/../../../../avr/lib/avrxmega7\libm.a(floatundisf.o)
                              src/main.o (__floatundisf)
c:/program files (x86)/atmel/studio/7.0/toolchain/avr8/avr8-gnu-toolchain/bin/../lib/gcc/avr/5.4.0/../../../../avr/lib/avrxmega7\libm.a(fp_inf.o)
                              c:/program files (x86)/atmel/studio/7.0/toolchain/avr8/avr8-gnu-toolchain/bin/../lib/gcc/avr/5.4.0/../../../../avr/lib/avrxmega7\libm.a(addsf3x.o) (__fp_inf)
c:/program files (x86)/atmel/studio/7.0/toolchain/avr8/avr8-gnu-toolchain/bin/../lib/gcc/avr/5.4.0/../../../../avr/lib/avrxmega7\libm.a(fp_nan.o)
                              c:/program files (x86)/atmel/studio/7.0/toolchain/avr8/avr8-gnu-toolchain/bin/../lib/gcc/avr/5.4.0/../../../../avr/lib/avrxmega7\libm.a(addsf3x.o) (__fp_nan)
c:/program files (x86)/atmel/studio/7.0/toolchain/avr8/avr8-gnu-toolchain/bin/../lib/gcc/avr/5.4.0/../../../../avr/lib/avrxmega7\libm.a(fp_pscA.o)
                              c:/program files (x86)/atmel/studio/7.0/toolchain/avr8/avr8-gnu-toolchain/bin/../lib/gcc/avr/5.4.0/../../../../avr/lib/avrxmega7\libm.a(addsf3x.o) (__fp_pscA)
c:/program files (x86)/atmel/studio/7.0/toolchain/avr8/avr8-gnu-toolchain/bin/../lib/gcc/avr/5.4.0/../../../../avr/lib/avrxmega7\libm.a(fp_pscB.o)
                              c:/program files (x86)/atmel/studio/7.0/toolchain/avr8/avr8-gnu-toolchain/bin/../lib/gcc/avr/5.4.0/../../../../avr/lib/avrxmega7\libm.a(addsf3x.o) (__fp_pscB)
c:/program files (x86)/atmel/studio/7.0/toolchain/avr8/avr8-gnu-toolchain/bin/../lib/gcc/avr/5.4.0/../../../../avr/lib/avrxmega7\libm.a(fp_round.o)
                              c:/program files (x86)/atmel/studio/7.0/toolchain/avr8/avr8-gnu-toolchain/bin/../lib/gcc/avr/5.4.0/../../../../avr/lib/avrxmega7\libm.a(addsf3.o) (__fp_round)
c:/program files (x86)/atmel/studio/7.0/toolchain/avr8/avr8-gnu-toolchain/bin/../lib/gcc/avr/5.4.0/../../../../avr/lib/avrxmega7\libm.a(fp_split3.o)
                              c:/program files (x86)/atmel/studio/7.0/toolchain/avr8/avr8-gnu-toolchain/bin/../lib/gcc/avr/5.4.0/../../../../avr/lib/avrxmega7\libm.a(addsf3x.o) (__fp_split3)
c:/program files (x86)/atmel/studio/7.0/toolchain/avr8/avr8-gnu-toolchain/bin/../lib/gcc/avr/5.4.0/../../../../avr/lib/avrxmega7\libm.a(fp_zero.o)
                              c:/program files (x86)/atmel/studio/7.0/toolchain/avr8/avr8-gnu-toolchain/bin/../lib/gcc/avr/5.4.0/../../../../avr/lib/avrxmega7\libm.a(addsf3x.o) (__fp_zero)
c:/program files (x86)/atmel/studio/7.0/toolchain/avr8/avr8-gnu-toolchain/bin/../lib/gcc/avr/5.4.0/../../../../avr/lib/avrxmega7\libm.a(log.o)
                              src/main.o (log)
c:/program files (x86)/atmel/studio/7.0/toolchain/avr8/avr8-gnu-toolchain/bin/../lib/gcc/avr/5.4.0/../../../../avr/lib/avrxmega7\libm.a(mulsf3.o)
                              src/main.o (__mulsf3)
c:/program files (x86)/atmel/studio/7.0/toolchain/avr8/avr8-gnu-toolchain/bin/../lib/gcc/avr/5.4.0/../../../../avr/lib/avrxmega7\libm.a(mulsf3x.o)
[...]
Memory Configuration

Name             Origin             Length             Attributes
text             0x00000000         0x00100000         xr
data             0x00802000         0x0000ffa0         rw !x
eeprom           0x00810000         0x00010000         rw !x
fuse             0x00820000         0x00000006         rw !x
lock             0x00830000         0x00000400         rw !x
signature        0x00840000         0x00000400         rw !x
user_signatures  0x00850000         0x00000400         rw !x
*default*        0x00000000         0xffffffff

Linker script and memory map

LOAD C:/Program Files (x86)/Atmel/Studio/7.0/Packs/atmel/XMEGAA_DFP/1.1.68/gcc/dev/atxmega128a1u/avrxmega7/crtatxmega128a1u.o
LOAD src/ASF/common/services/sleepmgr/xmega/sleepmgr.o
LOAD src/ASF/common/utils/stdio/read.o
LOAD src/ASF/common/utils/stdio/write.o
LOAD src/ASF/xmega/drivers/adc/adc.o
LOAD src/ASF/xmega/drivers/adc/xmega_aau/adc_aau.o
LOAD src/ASF/xmega/drivers/usart/usart.o
LOAD src/drivers/adc.o
LOAD src/drivers/ms5607.o
LOAD src/drivers/spi_controller.o
LOAD src/drivers/uart.o
LOAD src/tools/RingBuffer.o
LOAD src/ASF/common/services/serial/usart_serial.o
LOAD src/ASF/common/services/ioport/xmega/ioport_compat.o
LOAD src/ASF/common/services/clock/xmega/sysclk.o
LOAD src/ASF/xmega/drivers/nvm/nvm.o
LOAD src/ASF/xmega/drivers/spi/spi.o
LOAD src/ASF/xmega/drivers/nvm/nvm_asm.o
LOAD src/ASF/xmega/drivers/cpu/ccp.o
LOAD src/ASF/common/boards/user_board/init.o
LOAD src/main.o
START GROUP
LOAD c:/program files (x86)/atmel/studio/7.0/toolchain/avr8/avr8-gnu-toolchain/bin/../lib/gcc/avr/5.4.0/../../../../avr/lib/avrxmega7\libm.a
END GROUP
START GROUP
LOAD c:/program files (x86)/atmel/studio/7.0/toolchain/avr8/avr8-gnu-toolchain/bin/../lib/gcc/avr/5.4.0/avrxmega7\libgcc.a
LOAD c:/program files (x86)/atmel/studio/7.0/toolchain/avr8/avr8-gnu-toolchain/bin/../lib/gcc/avr/5.4.0/../../../../avr/lib/avrxmega7\libm.a
LOAD c:/program files (x86)/atmel/studio/7.0/toolchain/avr8/avr8-gnu-toolchain/bin/../lib/gcc/avr/5.4.0/../../../../avr/lib/avrxmega7\libc.a
LOAD C:/Program Files (x86)/Atmel/Studio/7.0/Packs/atmel/XMEGAA_DFP/1.1.68/gcc/dev/atxmega128a1u/avrxmega7\libatxmega128a1u.a
END GROUP
                0x00100000                __TEXT_REGION_LENGTH__ = DEFINED (__TEXT_REGION_LENGTH__)?__TEXT_REGION_LENGTH__:0x100000
                0x0000ffa0                __DATA_REGION_LENGTH__ = DEFINED (__DATA_REGION_LENGTH__)?__DATA_REGION_LENGTH__:0xffa0
                0x00010000                __EEPROM_REGION_LENGTH__ = DEFINED (__EEPROM_REGION_LENGTH__)?__EEPROM_REGION_LENGTH__:0x10000
                [0x00000006]                __FUSE_REGION_LENGTH__ = DEFINED (__FUSE_REGION_LENGTH__)?__FUSE_REGION_LENGTH__:0x400
                0x00000400                __LOCK_REGION_LENGTH__ = DEFINED (__LOCK_REGION_LENGTH__)?__LOCK_REGION_LENGTH__:0x400
                0x00000400                __SIGNATURE_REGION_LENGTH__ = DEFINED (__SIGNATURE_REGION_LENGTH__)?__SIGNATURE_REGION_LENGTH__:0x400
                0x00000400                __USER_SIGNATURE_REGION_LENGTH__ = DEFINED (__USER_SIGNATURE_REGION_LENGTH__)?__USER_SIGNATURE_REGION_LENGTH__:0x400

.hash
 *(.hash)

.dynsym
 *(.dynsym)

.dynstr
 *(.dynstr)

.gnu.version
 *(.gnu.version)

.gnu.version_d
 *(.gnu.version_d)

.gnu.version_r
 *(.gnu.version_r)

.rel.init
 *(.rel.init)

.rela.init
 *(.rela.init)

.rel.text
 *(.rel.text)
 *(.rel.text.*)
 *(.rel.gnu.linkonce.t*)

.rela.text
 *(.rela.text)
 *(.rela.text.*)
 *(.rela.gnu.linkonce.t*)

.rel.fini
 *(.rel.fini)

.rela.fini
 *(.rela.fini)

.rel.rodata
 *(.rel.rodata)
 *(.rel.rodata.*)
 *(.rel.gnu.linkonce.r*)

.rela.rodata
 *(.rela.rodata)
 *(.rela.rodata.*)
 *(.rela.gnu.linkonce.r*)

.rel.data
 *(.rel.data)
 *(.rel.data.*)
 *(.rel.gnu.linkonce.d*)

.rela.data
 *(.rela.data)
 *(.rela.data.*)
 *(.rela.gnu.linkonce.d*)

.rel.ctors
 *(.rel.ctors)

.rela.ctors
 *(.rela.ctors)

.rel.dtors
 *(.rel.dtors)

.rela.dtors
 *(.rela.dtors)

.rel.got
 *(.rel.got)

.rela.got
 *(.rela.got)

.rel.bss
 *(.rel.bss)

.rela.bss
 *(.rela.bss)

.rel.plt
 *(.rel.plt)

.rela.plt
 *(.rela.plt)

.text           0x00000000     0x22ec
 *(.vectors)
 .vectors       0x00000000      0x1fc C:/Program Files (x86)/Atmel/Studio/7.0/Packs/atmel/XMEGAA_DFP/1.1.68/gcc/dev/atxmega128a1u/avrxmega7/crtatxmega128a1u.o
                0x00000000                __vector_default
                0x00000000                __vectors
 *(.vectors)
 *(.progmem.gcc*)
 .progmem.gcc_fplib
                0x000001fc       0x5a c:/program files (x86)/atmel/studio/7.0/toolchain/avr8/avr8-gnu-toolchain/bin/../lib/gcc/avr/5.4.0/../../../../avr/lib/avrxmega7\libm.a(log.o)
 .progmem.gcc_fplib
                0x00000256       0x28 c:/program files (x86)/atmel/studio/7.0/toolchain/avr8/avr8-gnu-toolchain/bin/../lib/gcc/avr/5.4.0/../../../../avr/lib/avrxmega7\libm.a(exp.o)
                0x0000027e                . = ALIGN (0x2)
                0x0000027e                __trampolines_start = .
 *(.trampolines)
 .trampolines   0x0000027e        0x0 linker stubs
 *(.trampolines*)
                0x0000027e                __trampolines_end = .
 *libprintf_flt.a:*(.progmem.data)
 *libc.a:*(.progmem.data)
 *(.progmem*)
                0x0000027e                . = ALIGN (0x2)
 *(.jumptables)
 *(.jumptables*)
 *(.lowtext)
 *(.lowtext*)
                0x0000027e                __ctors_start = .
 *(.ctors)
                0x0000027e                __ctors_end = .
                0x0000027e                __dtors_start = .
 *(.dtors)
                0x0000027e                __dtors_end = .
 SORT(*)(.ctors)
 SORT(*)(.dtors)
 *(.init0)
 .init0         0x0000027e        0x0 C:/Program Files (x86)/Atmel/Studio/7.0/Packs/atmel/XMEGAA_DFP/1.1.68/gcc/dev/atxmega128a1u/avrxmega7/crtatxmega128a1u.o
                0x0000027e                __init
 *(.init0)
 *(.init1)
 *(.init1)
 *(.init2)
 .init2         0x0000027e       0x18 C:/Program Files (x86)/Atmel/Studio/7.0/Packs/atmel/XMEGAA_DFP/1.1.68/gcc/dev/atxmega128a1u/avrxmega7/crtatxmega128a1u.o
 *(.init2)
 *(.init3)
 *(.init3)
 *(.init4)
 .init4         0x00000296       0x1c c:/program files (x86)/atmel/studio/7.0/toolchain/avr8/avr8-gnu-toolchain/bin/../lib/gcc/avr/5.4.0/avrxmega7\libgcc.a(_copy_data.o)
                0x00000296                __do_copy_data
 .init4         0x000002b2       0x10 c:/program files (x86)/atmel/studio/7.0/toolchain/avr8/avr8-gnu-toolchain/bin/../lib/gcc/avr/5.4.0/avrxmega7\libgcc.a(_clear_bss.o)
                0x000002b2                __do_clear_bss
 *(.init4)
 *(.init5)
 *(.init5)
 *(.init6)
 *(.init6)
 *(.init7)
 *(.init7)
 *(.init8)
 *(.init8)
 *(.init9)
 .init9         0x000002c2        0x6 C:/Program Files (x86)/Atmel/Studio/7.0/Packs/atmel/XMEGAA_DFP/1.1.68/gcc/dev/atxmega128a1u/avrxmega7/crtatxmega128a1u.o
 *(.init9)
 *(.text)
 .text          0x000002c8        0x2 C:/Program Files (x86)/Atmel/Studio/7.0/Packs/atmel/XMEGAA_DFP/1.1.68/gcc/dev/atxmega128a1u/avrxmega7/crtatxmega128a1u.o
                0x000002c8                __vector_38
                0x000002c8                __vector_104
                0x000002c8                __vector_22
                0x000002c8                __vector_63
                0x000002c8                __vector_28
                0x000002c8                __vector_67
                0x000002c8                __vector_1
                0x000002c8                __vector_119
                0x000002c8                __vector_32
                0x000002c8                __vector_75
                0x000002c8                __vector_91
                0x000002c8                __vector_34
                0x000002c8                __vector_62
                0x000002c8                __vector_77
                0x000002c8                __vector_102
                0x000002c8                __vector_24
                0x000002c8                __vector_12
                0x000002c8                __vector_55
                0x000002c8                __vector_69
                0x000002c8                __vector_81
                0x000002c8                __vector_90
                0x000002c8                __vector_46
                0x000002c8                __bad_interrupt
                0x000002c8                __vector_122
                0x000002c8                __vector_114
                0x000002c8                __vector_6
                0x000002c8                __vector_110
                0x000002c8                __vector_31
                0x000002c8                __vector_92
                0x000002c8                __vector_35
                0x000002c8                __vector_78
                0x000002c8                __vector_117
                0x000002c8                __vector_107
                0x000002c8                __vector_3
                0x000002c8                __vector_105
                0x000002c8                __vector_98
                0x000002c8                __vector_23
                0x000002c8                __vector_68
                0x000002c8                __vector_30
                0x000002c8                __vector_45
                0x000002c8                __vector_25
                0x000002c8                __vector_93
                0x000002c8                __vector_61
                0x000002c8                __vector_11
                0x000002c8                __vector_54
                0x000002c8                __vector_99
                0x000002c8                __vector_13
                0x000002c8                __vector_17
                0x000002c8                __vector_19
                0x000002c8                __vector_56
                0x000002c8                __vector_7
                0x000002c8                __vector_125
                0x000002c8                __vector_49
                0x000002c8                __vector_123
                0x000002c8                __vector_86
                0x000002c8                __vector_100
                0x000002c8                __vector_101
                0x000002c8                __vector_64
                0x000002c8                __vector_88
                0x000002c8                __vector_109
                0x000002c8                __vector_43
                0x000002c8                __vector_27
                0x000002c8                __vector_5
                0x000002c8                __vector_113
                0x000002c8                __vector_33
                0x000002c8                __vector_76
                0x000002c8                __vector_115
                0x000002c8                __vector_47
                0x000002c8                __vector_52
                0x000002c8                __vector_37
                0x000002c8                __vector_95
                0x000002c8                __vector_103
                0x000002c8                __vector_96
                0x000002c8                __vector_89
                0x000002c8                __vector_108
                0x000002c8                __vector_4
                0x000002c8                __vector_44
                0x000002c8                __vector_82
                0x000002c8                __vector_106
                0x000002c8                __vector_118
                0x000002c8                __vector_51
                0x000002c8                __vector_9
                0x000002c8                __vector_2
                0x000002c8                __vector_21
                0x000002c8                __vector_15
                0x000002c8                __vector_66
                0x000002c8                __vector_36
                0x000002c8                __vector_79
                0x000002c8                __vector_58
                0x000002c8                __vector_70
                0x000002c8                __vector_83
                0x000002c8                __vector_29
                0x000002c8                __vector_60
                0x000002c8                __vector_121
                0x000002c8                __vector_85
                0x000002c8                __vector_94
                0x000002c8                __vector_126
                0x000002c8                __vector_8
                0x000002c8                __vector_26
                0x000002c8                __vector_48
                0x000002c8                __vector_124
                0x000002c8                __vector_116
                0x000002c8                __vector_112
                0x000002c8                __vector_111
                0x000002c8                __vector_80
                0x000002c8                __vector_14
                0x000002c8                __vector_84
                0x000002c8                __vector_57
                0x000002c8                __vector_53
                0x000002c8                __vector_10
                0x000002c8                __vector_50
                0x000002c8                __vector_16
                0x000002c8                __vector_59
                0x000002c8                __vector_18
                0x000002c8                __vector_97
                0x000002c8                __vector_20
                0x000002c8                __vector_87
                0x000002c8                __vector_65
                0x000002c8                __vector_120
                0x000002ca                . = ALIGN (0x2)
 *(.text.*)
 .text._read    0x000002ca       0x32 src/ASF/common/utils/stdio/read.o
                0x000002ca                _read
 .text._write   0x000002fc       0x24 src/ASF/common/utils/stdio/write.o
                0x000002fc                _write
 .text.__vector_71
                0x00000320       0x7a src/ASF/xmega/drivers/adc/xmega_aau/adc_aau.o
                0x00000320                __vector_71
 .text.__vector_72
                0x0000039a       0x7a src/ASF/xmega/drivers/adc/xmega_aau/adc_aau.o
                0x0000039a                __vector_72
 .text.__vector_73
                0x00000414       0x7a src/ASF/xmega/drivers/adc/xmega_aau/adc_aau.o
                0x00000414                __vector_73
 .text.__vector_74
                0x0000048e       0x7a src/ASF/xmega/drivers/adc/xmega_aau/adc_aau.o
                0x0000048e                __vector_74
 .text.__vector_39
                0x00000508       0x7a src/ASF/xmega/drivers/adc/xmega_aau/adc_aau.o
                0x00000508                __vector_39
 .text.__vector_40
                0x00000582       0x7a src/ASF/xmega/drivers/adc/xmega_aau/adc_aau.o
                0x00000582                __vector_40
 .text.__vector_41
                0x000005fc       0x7a src/ASF/xmega/drivers/adc/xmega_aau/adc_aau.o
                0x000005fc                __vector_41
 .text.__vector_42
                0x00000676       0x7a src/ASF/xmega/drivers/adc/xmega_aau/adc_aau.o
                0x00000676                __vector_42
 .text.usart_putchar
                0x000006f0       0x10 src/ASF/xmega/drivers/usart/usart.o
                0x000006f0                usart_putchar
 .text.usart_getchar
                0x00000700        0xc src/ASF/xmega/drivers/usart/usart.o
                0x00000700                usart_getchar
 .text.usart_set_baudrate
                0x0000070c      0x226 src/ASF/xmega/drivers/usart/usart.o
                0x0000070c                usart_set_baudrate
 .text.usart_init_rs232
                0x00000932      0x2c2 src/ASF/xmega/drivers/usart/usart.o
                0x00000932                usart_init_rs232
 .text.__portable_avr_delay_cycles
                0x00000bf4       0x16 src/drivers/ms5607.o
 .text.ms5607_read
                0x00000c0a       0x28 src/drivers/ms5607.o
                0x00000c0a                ms5607_read
 .text.ms5607_convert_d1
                0x00000c32       0x50 src/drivers/ms5607.o
                0x00000c32                ms5607_convert_d1
 .text.ms5607_convert_d2
                0x00000c82       0x50 src/drivers/ms5607.o
                0x00000c82                ms5607_convert_d2
 .text.spi_init
                0x00000cd2        0xe src/drivers/spi_controller.o
                0x00000cd2                spi_init
 .text.spi_select
                0x00000ce0        0xc src/drivers/spi_controller.o
                0x00000ce0                spi_select
 .text.spi_read
                0x00000cec       0x16 src/drivers/spi_controller.o
                0x00000cec                spi_read
 .text.spi_write
                0x00000d02       0x10 src/drivers/spi_controller.o
                0x00000d02                spi_write
 .text.usart_serial_getchar
                0x00000d12       0x10 src/drivers/uart.o
 .text.usart_serial_putchar
                0x00000d22        0x4 src/drivers/uart.o
 .text.uart_terminal_init
                0x00000d26       0x8a src/drivers/uart.o
                0x00000d26                uart_terminal_init
 .text.rb16_write
                0x00000db0       0x7e src/tools/RingBuffer.o
                0x00000db0                rb16_write
 .text.rb16_init
                0x00000e2e       0x14 src/tools/RingBuffer.o
                0x00000e2e                rb16_init
 .text.sysclk_init
                0x00000e42       0x20 src/ASF/common/services/clock/xmega/sysclk.o
                0x00000e42                sysclk_init
 .text.sysclk_enable_module
                0x00000e62       0x2c src/ASF/common/services/clock/xmega/sysclk.o
                0x00000e62                sysclk_enable_module
 .text.__portable_avr_delay_cycles
                0x00000e8e       0x16 src/main.o
 .text.ms5607_init
                0x00000ea4       0x6a src/main.o
                0x00000ea4                ms5607_init
 .text.get_pressure
                0x00000f0e      0x160 src/main.o
                0x00000f0e                get_pressure
 .text.get_altitude
                0x0000106e       0xb0 src/main.o
                0x0000106e                get_altitude
 .text.system_init
                0x0000111e       0x72 src/main.o
                0x0000111e                system_init
 .text.main     0x00001190       0xc0 src/main.o
                0x00001190                main
 .text.avr-libc.fplib
                0x00001250        0xa c:/program files (x86)/atmel/studio/7.0/toolchain/avr8/avr8-gnu-toolchain/bin/../lib/gcc/avr/5.4.0/../../../../avr/lib/avrxmega7\libm.a(addsf3.o)
                0x00001250                __subsf3
                0x00001252                __addsf3
 .text.avr-libc.fplib
                0x0000125a       0xc0 c:/program files (x86)/atmel/studio/7.0/toolchain/avr8/avr8-gnu-toolchain/bin/../lib/gcc/avr/5.4.0/../../../../avr/lib/avrxmega7\libm.a(addsf3x.o)
                0x00001274                __addsf3x
 .text.avr-libc.fplib
                0x0000131a        0x4 c:/program files (x86)/atmel/studio/7.0/toolchain/avr8/avr8-gnu-toolchain/bin/../lib/gcc/avr/5.4.0/../../../../avr/lib/avrxmega7\libm.a(divsf3.o)
                0x0000131a                __divsf3
 .text.avr-libc.fplib
                0x0000131e       0xcc c:/program files (x86)/atmel/studio/7.0/toolchain/avr8/avr8-gnu-toolchain/bin/../lib/gcc/avr/5.4.0/../../../../avr/lib/avrxmega7\libm.a(divsf3x.o)
                0x00001334                __divsf3x
                0x00001338                __divsf3_pse
 .text.avr-libc.fplib
                0x000013ea        0xa c:/program files (x86)/atmel/studio/7.0/toolchain/avr8/avr8-gnu-toolchain/bin/../lib/gcc/avr/5.4.0/../../../../avr/lib/avrxmega7\libm.a(fixsfsi.o)
                0x000013ea                __fixsfsi
 .text.avr-libc.fplib
                0x000013f4       0x58 c:/program files (x86)/atmel/studio/7.0/toolchain/avr8/avr8-gnu-toolchain/bin/../lib/gcc/avr/5.4.0/../../../../avr/lib/avrxmega7\libm.a(fixunssfsi.o)
                0x000013f4                __fixunssfsi
 .text.avr-libc.fplib
                0x0000144c       0x7a c:/program files (x86)/atmel/studio/7.0/toolchain/avr8/avr8-gnu-toolchain/bin/../lib/gcc/avr/5.4.0/../../../../avr/lib/avrxmega7\libm.a(floatsisf.o)
                0x0000144c                __floatunsisf
                0x00001450                __floatsisf
 .text.avr-libc.fplib
                0x000014c6       0x7c c:/program files (x86)/atmel/studio/7.0/toolchain/avr8/avr8-gnu-toolchain/bin/../lib/gcc/avr/5.4.0/../../../../avr/lib/avrxmega7\libm.a(floatundisf.o)
                0x000014c6                __floatundisf
                0x000014c8                __fp_di2sf
 .text.avr-libc.fplib
                0x00001542        0xc c:/program files (x86)/atmel/studio/7.0/toolchain/avr8/avr8-gnu-toolchain/bin/../lib/gcc/avr/5.4.0/../../../../avr/lib/avrxmega7\libm.a(fp_inf.o)
                0x00001542                __fp_inf
 .text.avr-libc.fplib
                0x0000154e        0x6 c:/program files (x86)/atmel/studio/7.0/toolchain/avr8/avr8-gnu-toolchain/bin/../lib/gcc/avr/5.4.0/../../../../avr/lib/avrxmega7\libm.a(fp_nan.o)
                0x0000154e                __fp_nan
 .text.avr-libc.fplib
                0x00001554        0xe c:/program files (x86)/atmel/studio/7.0/toolchain/avr8/avr8-gnu-toolchain/bin/../lib/gcc/avr/5.4.0/../../../../avr/lib/avrxmega7\libm.a(fp_pscA.o)
                0x00001554                __fp_pscA
 .text.avr-libc.fplib
                0x00001562        0xe c:/program files (x86)/atmel/studio/7.0/toolchain/avr8/avr8-gnu-toolchain/bin/../lib/gcc/avr/5.4.0/../../../../avr/lib/avrxmega7\libm.a(fp_pscB.o)
                0x00001562                __fp_pscB
 .text.avr-libc.fplib
                0x00001570       0x22 c:/program files (x86)/atmel/studio/7.0/toolchain/avr8/avr8-gnu-toolchain/bin/../lib/gcc/avr/5.4.0/../../../../avr/lib/avrxmega7\libm.a(fp_round.o)
                0x00001570                __fp_round
 .text.avr-libc.fplib
                0x00001592       0x44 c:/program files (x86)/atmel/studio/7.0/toolchain/avr8/avr8-gnu-toolchain/bin/../lib/gcc/avr/5.4.0/../../../../avr/lib/avrxmega7\libm.a(fp_split3.o)
                0x00001592                __fp_split3
                0x000015a2                __fp_splitA
 .text.avr-libc.fplib
                0x000015d6        0xe c:/program files (x86)/atmel/studio/7.0/toolchain/avr8/avr8-gnu-toolchain/bin/../lib/gcc/avr/5.4.0/../../../../avr/lib/avrxmega7\libm.a(fp_zero.o)
                0x000015d6                __fp_zero
                0x000015d8                __fp_szero
 .text.avr-libc.fplib
                0x000015e4       0x8a c:/program files (x86)/atmel/studio/7.0/toolchain/avr8/avr8-gnu-toolchain/bin/../lib/gcc/avr/5.4.0/../../../../avr/lib/avrxmega7\libm.a(log.o)
                0x000015ee                log
 .text.avr-libc.fplib
                0x0000166e        0x4 c:/program files (x86)/atmel/studio/7.0/toolchain/avr8/avr8-gnu-toolchain/bin/../lib/gcc/avr/5.4.0/../../../../avr/lib/avrxmega7\libm.a(mulsf3.o)
                0x0000166e                __mulsf3
 .text.avr-libc.fplib
                0x00001672       0xc2 c:/program files (x86)/atmel/studio/7.0/toolchain/avr8/avr8-gnu-toolchain/bin/../lib/gcc/avr/5.4.0/../../../../avr/lib/avrxmega7\libm.a(mulsf3x.o)
                0x00001686                __mulsf3x
                0x0000168a                __mulsf3_pse
 .text.avr-libc.fplib
                0x00001734       0x98 c:/program files (x86)/atmel/studio/7.0/toolchain/avr8/avr8-gnu-toolchain/bin/../lib/gcc/avr/5.4.0/../../../../avr/lib/avrxmega7\libm.a(pow.o)
                0x00001734                pow
 .text.avr-libc.fplib
                0x000017cc       0x62 c:/program files (x86)/atmel/studio/7.0/toolchain/avr8/avr8-gnu-toolchain/bin/../lib/gcc/avr/5.4.0/../../../../avr/lib/avrxmega7\libm.a(exp.o)
                0x000017d6                exp
 .text.avr-libc.fplib
                0x0000182e       0x1c c:/program files (x86)/atmel/studio/7.0/toolchain/avr8/avr8-gnu-toolchain/bin/../lib/gcc/avr/5.4.0/../../../../avr/lib/avrxmega7\libm.a(fp_mpack.o)
                0x0000182e                __fp_mpack
                0x00001832                __fp_mpack_finite
 .text.avr-libc.fplib
                0x0000184a       0x4a c:/program files (x86)/atmel/studio/7.0/toolchain/avr8/avr8-gnu-toolchain/bin/../lib/gcc/avr/5.4.0/../../../../avr/lib/avrxmega7\libm.a(fp_powser.o)
                0x0000184a                __fp_powser
 .text.avr-libc.fplib
                0x00001894        0xe c:/program files (x86)/atmel/studio/7.0/toolchain/avr8/avr8-gnu-toolchain/bin/../lib/gcc/avr/5.4.0/../../../../avr/lib/avrxmega7\libm.a(inverse.o)
                0x00001894                inverse
 .text.avr-libc.fplib
                0x000018a2       0x6c c:/program files (x86)/atmel/studio/7.0/toolchain/avr8/avr8-gnu-toolchain/bin/../lib/gcc/avr/5.4.0/../../../../avr/lib/avrxmega7\libm.a(ldexp.o)
                0x000018a6                ldexp
 .text.avr-libc.fplib
                0x0000190e       0x66 c:/program files (x86)/atmel/studio/7.0/toolchain/avr8/avr8-gnu-toolchain/bin/../lib/gcc/avr/5.4.0/../../../../avr/lib/avrxmega7\libm.a(modf.o)
                0x0000190e                modf
                0x0000190e                modff
 .text.libgcc.div
                0x00001974       0x44 c:/program files (x86)/atmel/studio/7.0/toolchain/avr8/avr8-gnu-toolchain/bin/../lib/gcc/avr/5.4.0/avrxmega7\libgcc.a(_udivmodsi4.o)
                0x00001974                __udivmodsi4
 .text.libgcc.builtins
                0x000019b8       0x32 c:/program files (x86)/atmel/studio/7.0/toolchain/avr8/avr8-gnu-toolchain/bin/../lib/gcc/avr/5.4.0/avrxmega7\libgcc.a(_ashldi3.o)
                0x000019b8                __ashldi3
 .text.libgcc   0x000019ea       0x12 c:/program files (x86)/atmel/studio/7.0/toolchain/avr8/avr8-gnu-toolchain/bin/../lib/gcc/avr/5.4.0/avrxmega7\libgcc.a(_subdi3.o)
                0x000019ea                __subdi3
 .text.avr-libc
                0x000019fc       0x94 c:/program files (x86)/atmel/studio/7.0/toolchain/avr8/avr8-gnu-toolchain/bin/../lib/gcc/avr/5.4.0/../../../../avr/lib/avrxmega7\libc.a(fdevopen.o)
                0x000019fc                fdevopen
 .text.avr-libc
                0x00001a90       0x26 c:/program files (x86)/atmel/studio/7.0/toolchain/avr8/avr8-gnu-toolchain/bin/../lib/gcc/avr/5.4.0/../../../../avr/lib/avrxmega7\libc.a(printf.o)
                0x00001a90                printf
 .text.avr-libc
                0x00001ab6       0x60 c:/program files (x86)/atmel/studio/7.0/toolchain/avr8/avr8-gnu-toolchain/bin/../lib/gcc/avr/5.4.0/../../../../avr/lib/avrxmega7\libc.a(puts.o)
                0x00001ab6                puts
 .text.avr-libc
                0x00001b16      0x3ee c:/program files (x86)/atmel/studio/7.0/toolchain/avr8/avr8-gnu-toolchain/bin/../lib/gcc/avr/5.4.0/../../../../avr/lib/avrxmega7\libc.a(vfprintf_std.o)
                0x00001b16                vfprintf
 .text.avr-libc
                0x00001f04       0x34 c:/program files (x86)/atmel/studio/7.0/toolchain/avr8/avr8-gnu-toolchain/bin/../lib/gcc/avr/5.4.0/../../../../avr/lib/avrxmega7\libc.a(calloc.o)
                0x00001f04                calloc
 .text.avr-libc
                0x00001f38      0x242 c:/program files (x86)/atmel/studio/7.0/toolchain/avr8/avr8-gnu-toolchain/bin/../lib/gcc/avr/5.4.0/../../../../avr/lib/avrxmega7\libc.a(malloc.o)
                0x00001f38                malloc
                0x00002068                free
 .text.avr-libc
                0x0000217a       0x16 c:/program files (x86)/atmel/studio/7.0/toolchain/avr8/avr8-gnu-toolchain/bin/../lib/gcc/avr/5.4.0/../../../../avr/lib/avrxmega7\libc.a(strnlen_P.o)
                0x0000217a                strnlen_P
 .text.avr-libc
                0x00002190        0xe c:/program files (x86)/atmel/studio/7.0/toolchain/avr8/avr8-gnu-toolchain/bin/../lib/gcc/avr/5.4.0/../../../../avr/lib/avrxmega7\libc.a(memset.o)
                0x00002190                memset
 .text.avr-libc
                0x0000219e       0x16 c:/program files (x86)/atmel/studio/7.0/toolchain/avr8/avr8-gnu-toolchain/bin/../lib/gcc/avr/5.4.0/../../../../avr/lib/avrxmega7\libc.a(strnlen.o)
                0x0000219e                strnlen
 .text.avr-libc
                0x000021b4       0x78 c:/program files (x86)/atmel/studio/7.0/toolchain/avr8/avr8-gnu-toolchain/bin/../lib/gcc/avr/5.4.0/../../../../avr/lib/avrxmega7\libc.a(fputc.o)
                0x000021b4                fputc
 .text.avr-libc
                0x0000222c       0xbc c:/program files (x86)/atmel/studio/7.0/toolchain/avr8/avr8-gnu-toolchain/bin/../lib/gcc/avr/5.4.0/../../../../avr/lib/avrxmega7\libc.a(ultoa_invert.o)
                0x0000222c                __ultoa_invert
                0x000022e8                . = ALIGN (0x2)
 *(.fini9)
 .fini9         0x000022e8        0x0 c:/program files (x86)/atmel/studio/7.0/toolchain/avr8/avr8-gnu-toolchain/bin/../lib/gcc/avr/5.4.0/avrxmega7\libgcc.a(_exit.o)
                0x000022e8                _exit
                0x000022e8                exit
 *(.fini9)
 *(.fini8)
 *(.fini8)
 *(.fini7)
 *(.fini7)
 *(.fini6)
 *(.fini6)
 *(.fini5)
 *(.fini5)
 *(.fini4)
 *(.fini4)
 *(.fini3)
 *(.fini3)
 *(.fini2)
 *(.fini2)
 *(.fini1)
 *(.fini1)
 *(.fini0)
 .fini0         0x000022e8        0x4 c:/program files (x86)/atmel/studio/7.0/toolchain/avr8/avr8-gnu-toolchain/bin/../lib/gcc/avr/5.4.0/avrxmega7\libgcc.a(_exit.o)
 *(.fini0)
                0x000022ec                _etext = .

.data           0x00802000       0x56 load address 0x000022ec
                0x00802000                PROVIDE (__data_start, .)
 *(.data)
 .data          0x00802000        0x6 c:/program files (x86)/atmel/studio/7.0/toolchain/avr8/avr8-gnu-toolchain/bin/../lib/gcc/avr/5.4.0/../../../../avr/lib/avrxmega7\libc.a(malloc.o)
                0x00802000                __malloc_heap_end
                0x00802002                __malloc_heap_start
                0x00802004                __malloc_margin
 *(.data*)
 .data.usart_config.5916
                0x00802006        0x7 src/drivers/uart.o
 .data.g_0      0x0080200d        0x4 src/main.o
                0x0080200d                g_0
 .data.L        0x00802011        0x4 src/main.o
                0x00802011                L
 .data.R        0x00802015        0x4 src/main.o
                0x00802015                R
 .data.ground_t
                0x00802019        0x4 src/main.o
                0x00802019                ground_t
 .data.ground_p
                0x0080201d        0x4 src/main.o
                0x0080201d                ground_p
 *(.gnu.linkonce.d*)
 *(.rodata)
 *(.rodata*)
 .rodata.str1.1
                0x00802021       0x34 src/main.o
 *(.gnu.linkonce.r*)
                0x00802056                . = ALIGN (0x2)
 *fill*         0x00802055        0x1 
                0x00802056                _edata = .
                0x00802056                PROVIDE (__data_end, .)

.bss            0x00802056       0x25
                0x00802056                PROVIDE (__bss_start, .)
 *(.bss)
 *(.bss*)
 .bss.c         0x00802056        0xc src/main.o
                0x00802056                c
 .bss.ground_a  0x00802062        0x4 src/main.o
                0x00802062                ground_a
 .bss.state     0x00802066        0x1 src/main.o
                0x00802066                state
 *(COMMON)
 COMMON         0x00802067        0x2 src/ASF/common/utils/stdio/read.o
                0x00802067                ptr_get
 COMMON         0x00802069        0x4 src/ASF/common/utils/stdio/write.o
                0x00802069                ptr_put
                0x0080206b                stdio_base
 COMMON         0x0080206d        0x4 src/ASF/xmega/drivers/adc/adc.o
                0x0080206d                adcb_callback
                0x0080206f                adca_callback
 COMMON         0x00802071        0x6 c:/program files (x86)/atmel/studio/7.0/toolchain/avr8/avr8-gnu-toolchain/bin/../lib/gcc/avr/5.4.0/../../../../avr/lib/avrxmega7\libc.a(iob.o)
                0x00802071                __iob
 COMMON         0x00802077        0x4 c:/program files (x86)/atmel/studio/7.0/toolchain/avr8/avr8-gnu-toolchain/bin/../lib/gcc/avr/5.4.0/../../../../avr/lib/avrxmega7\libc.a(malloc.o)
                0x00802077                __brkval
                0x00802079                __flp
                0x0080207b                PROVIDE (__bss_end, .)
                0x000022ec                __data_load_start = LOADADDR (.data)
                0x00002342                __data_load_end = (__data_load_start + SIZEOF (.data))

.noinit         0x0080207b        0x0
                [!provide]                PROVIDE (__noinit_start, .)
 *(.noinit*)
                [!provide]                PROVIDE (__noinit_end, .)
                0x0080207b                _end = .
                0x0080207b                PROVIDE (__heap_start, .)

.eeprom         0x00810000        0x0
 *(.eeprom*)
                0x00810000                __eeprom_end = .

.fuse
 *(.fuse)
 *(.lfuse)
 *(.hfuse)
 *(.efuse)

.lock
 *(.lock*)

.signature
 *(.signature*)

.user_signatures
 *(.user_signatures*)

.stab
 *(.stab)

.stabstr
 *(.stabstr)

.stab.excl
 *(.stab.excl)

.stab.exclstr
 *(.stab.exclstr)

.stab.index
 *(.stab.index)

.stab.indexstr
 *(.stab.indexstr)

.comment        0x00000000       0x5c
 *(.comment)
 .comment       0x00000000       0x30 src/ASF/common/utils/stdio/read.o
                                 0x31 (size before relaxing)
 .comment       0x00000030       0x31 src/ASF/common/utils/stdio/write.o
 .comment       0x00000030       0x31 src/ASF/xmega/drivers/adc/adc.o
 .comment       0x00000030       0x31 src/ASF/xmega/drivers/adc/xmega_aau/adc_aau.o
 .comment       0x00000030       0x31 src/ASF/xmega/drivers/usart/usart.o
 .comment       0x00000030       0x31 src/drivers/ms5607.o
 .comment       0x00000030       0x31 src/drivers/spi_controller.o
 .comment       0x00000030       0x31 src/drivers/uart.o
 .comment       0x00000030       0x31 src/tools/RingBuffer.o
 .comment       0x00000030       0x31 src/ASF/common/services/clock/xmega/sysclk.o
 .comment       0x00000030       0x31 src/main.o
 .comment       0x00000030       0x31 c:/program files (x86)/atmel/studio/7.0/toolchain/avr8/avr8-gnu-toolchain/bin/../lib/gcc/avr/5.4.0/../../../../avr/lib/avrxmega7\libc.a(fdevopen.o)
 .comment       0x00000030       0x31 c:/program files (x86)/atmel/studio/7.0/toolchain/avr8/avr8-gnu-toolchain/bin/../lib/gcc/avr/5.4.0/../../../../avr/lib/avrxmega7\libc.a(iob.o)
 .comment       0x00000030       0x31 c:/program files (x86)/atmel/studio/7.0/toolchain/avr8/avr8-gnu-toolchain/bin/../lib/gcc/avr/5.4.0/../../../../avr/lib/avrxmega7\libc.a(printf.o)
 .comment       0x00000030       0x31 c:/program files (x86)/atmel/studio/7.0/toolchain/avr8/avr8-gnu-toolchain/bin/../lib/gcc/avr/5.4.0/../../../../avr/lib/avrxmega7\libc.a(puts.o)
 .comment       0x00000030       0x2c c:/program files (x86)/atmel/studio/7.0/toolchain/avr8/avr8-gnu-toolchain/bin/../lib/gcc/avr/5.4.0/../../../../avr/lib/avrxmega7\libc.a(vfprintf_std.o)
                                 0x2d (size before relaxing)
 .comment       0x0000005c       0x31 c:/program files (x86)/atmel/studio/7.0/toolchain/avr8/avr8-gnu-toolchain/bin/../lib/gcc/avr/5.4.0/../../../../avr/lib/avrxmega7\libc.a(calloc.o)
 .comment       0x0000005c       0x31 c:/program files (x86)/atmel/studio/7.0/toolchain/avr8/avr8-gnu-toolchain/bin/../lib/gcc/avr/5.4.0/../../../../avr/lib/avrxmega7\libc.a(malloc.o)
 .comment       0x0000005c       0x31 c:/program files (x86)/atmel/studio/7.0/toolchain/avr8/avr8-gnu-toolchain/bin/../lib/gcc/avr/5.4.0/../../../../avr/lib/avrxmega7\libc.a(fputc.o)

.note.gnu.avr.deviceinfo
                0x00000000       0x40
 .note.gnu.avr.deviceinfo
                0x00000000       0x40 C:/Program Files (x86)/Atmel/Studio/7.0/Packs/atmel/XMEGAA_DFP/1.1.68/gcc/dev/atxmega128a1u/avrxmega7/crtatxmega128a1u.o

.note.gnu.build-id
 *(.note.gnu.build-id)

.debug
 *(.debug)

.line
 *(.line)

.debug_srcinfo
 *(.debug_srcinfo)

.debug_sfnames
 *(.debug_sfnames)

.debug_aranges  0x00000000      0x368
 *(.debug_aranges)
 .debug_aranges
                0x00000000       0x20 src/ASF/common/utils/stdio/read.o
 .debug_aranges
                0x00000020       0x20 src/ASF/common/utils/stdio/write.o
 .debug_aranges
                0x00000040       0x48 src/ASF/xmega/drivers/adc/adc.o
 .debug_aranges
                0x00000088       0x78 src/ASF/xmega/drivers/adc/xmega_aau/adc_aau.o
 .debug_aranges
                0x00000100       0x58 src/ASF/xmega/drivers/usart/usart.o
 .debug_aranges
                0x00000158       0x38 src/drivers/ms5607.o
 .debug_aranges
                0x00000190       0x38 src/drivers/spi_controller.o
 .debug_aranges
                0x000001c8       0x30 src/drivers/uart.o
 .debug_aranges
                0x000001f8       0xc0 src/tools/RingBuffer.o
 .debug_aranges
                0x000002b8       0x40 src/ASF/common/services/clock/xmega/sysclk.o
 .debug_aranges
                0x000002f8       0x70 src/main.o

.debug_pubnames
 *(.debug_pubnames)

.debug_info     0x00000000     0xf5d3
 *(.debug_info .gnu.linkonce.wi.*)
 .debug_info    0x00000000     0x3e5a C:/Program Files (x86)/Atmel/Studio/7.0/Packs/atmel/XMEGAA_DFP/1.1.68/gcc/dev/atxmega128a1u/avrxmega7/crtatxmega128a1u.o
 .debug_info    0x00003e5a      0x119 src/ASF/common/utils/stdio/read.o
 .debug_info    0x00003f73      0x119 src/ASF/common/utils/stdio/write.o
 .debug_info    0x0000408c      0xa8f src/ASF/xmega/drivers/adc/adc.o
 .debug_info    0x00004b1b      0xe9a src/ASF/xmega/drivers/adc/xmega_aau/adc_aau.o
 .debug_info    0x000059b5     0x327c src/ASF/xmega/drivers/usart/usart.o
 .debug_info    0x00008c31      0x555 src/drivers/ms5607.o
 .debug_info    0x00009186     0x1feb src/drivers/spi_controller.o
 .debug_info    0x0000b171     0x22c0 src/drivers/uart.o
 .debug_info    0x0000d431      0xbfd src/tools/RingBuffer.o
 .debug_info    0x0000e02e      0x711 src/ASF/common/services/clock/xmega/sysclk.o
 .debug_info    0x0000e73f      0xe94 src/main.o

.debug_abbrev   0x00000000     0x5557
 *(.debug_abbrev)
 .debug_abbrev  0x00000000     0x3b0e C:/Program Files (x86)/Atmel/Studio/7.0/Packs/atmel/XMEGAA_DFP/1.1.68/gcc/dev/atxmega128a1u/avrxmega7/crtatxmega128a1u.o
 .debug_abbrev  0x00003b0e       0xc5 src/ASF/common/utils/stdio/read.o
 .debug_abbrev  0x00003bd3       0xa7 src/ASF/common/utils/stdio/write.o
 .debug_abbrev  0x00003c7a      0x2b4 src/ASF/xmega/drivers/adc/adc.o
 .debug_abbrev  0x00003f2e      0x320 src/ASF/xmega/drivers/adc/xmega_aau/adc_aau.o
 .debug_abbrev  0x0000424e      0x3f5 src/ASF/xmega/drivers/usart/usart.o
 .debug_abbrev  0x00004643      0x197 src/drivers/ms5607.o
 .debug_abbrev  0x000047da      0x22e src/drivers/spi_controller.o
 .debug_abbrev  0x00004a08      0x30b src/drivers/uart.o
 .debug_abbrev  0x00004d13      0x321 src/tools/RingBuffer.o
 .debug_abbrev  0x00005034      0x218 src/ASF/common/services/clock/xmega/sysclk.o
 .debug_abbrev  0x0000524c      0x30b src/main.o

.debug_line     0x00000000     0x63c3
 *(.debug_line .debug_line.* .debug_line_end)
 .debug_line    0x00000000      0x3b5 C:/Program Files (x86)/Atmel/Studio/7.0/Packs/atmel/XMEGAA_DFP/1.1.68/gcc/dev/atxmega128a1u/avrxmega7/crtatxmega128a1u.o
 .debug_line    0x000003b5      0x3d3 src/ASF/common/utils/stdio/read.o
 .debug_line    0x00000788      0x3da src/ASF/common/utils/stdio/write.o
 .debug_line    0x00000b62      0x7c3 src/ASF/xmega/drivers/adc/adc.o
 .debug_line    0x00001325      0x973 src/ASF/xmega/drivers/adc/xmega_aau/adc_aau.o
 .debug_line    0x00001c98      0xd59 src/ASF/xmega/drivers/usart/usart.o
 .debug_line    0x000029f1      0x952 src/drivers/ms5607.o
 .debug_line    0x00003343      0x8e7 src/drivers/spi_controller.o
 .debug_line    0x00003c2a      0x8e2 src/drivers/uart.o
 .debug_line    0x0000450c      0xd5a src/tools/RingBuffer.o
 .debug_line    0x00005266      0x62e src/ASF/common/services/clock/xmega/sysclk.o
 .debug_line    0x00005894      0xb2f src/main.o

.debug_frame    0x00000000      0xd14
 *(.debug_frame)
 .debug_frame   0x00000000       0x34 src/ASF/common/utils/stdio/read.o
 .debug_frame   0x00000034       0x24 src/ASF/common/utils/stdio/write.o
 .debug_frame   0x00000058       0xbc src/ASF/xmega/drivers/adc/adc.o
 .debug_frame   0x00000114      0x3e4 src/ASF/xmega/drivers/adc/xmega_aau/adc_aau.o
 .debug_frame   0x000004f8      0x150 src/ASF/xmega/drivers/usart/usart.o
 .debug_frame   0x00000648       0x88 src/drivers/ms5607.o
 .debug_frame   0x000006d0       0x54 src/drivers/spi_controller.o
 .debug_frame   0x00000724       0x60 src/drivers/uart.o
 .debug_frame   0x00000784      0x2ac src/tools/RingBuffer.o
 .debug_frame   0x00000a30       0x94 src/ASF/common/services/clock/xmega/sysclk.o
 .debug_frame   0x00000ac4      0x250 src/main.o

.debug_str      0x00000000    0x32a7f
 *(.debug_str)
 .debug_str     0x00000000     0x2969 C:/Program Files (x86)/Atmel/Studio/7.0/Packs/atmel/XMEGAA_DFP/1.1.68/gcc/dev/atxmega128a1u/avrxmega7/crtatxmega128a1u.o
 .debug_str     0x00002969    0x2b3ee src/ASF/common/utils/stdio/read.o
                              0x2ba37 (size before relaxing)
 .debug_str     0x0002dd57       0x2e src/ASF/common/utils/stdio/write.o
                              0x2ba39 (size before relaxing)
 .debug_str     0x0002dd85     0x213f src/ASF/xmega/drivers/adc/adc.o
                              0x2dbae (size before relaxing)
 .debug_str     0x0002fec4      0x5cc src/ASF/xmega/drivers/adc/xmega_aau/adc_aau.o
                              0x2de41 (size before relaxing)
 .debug_str     0x00030490     0x114f src/ASF/xmega/drivers/usart/usart.o
                              0x2e259 (size before relaxing)
 .debug_str     0x000315df      0x9c2 src/drivers/ms5607.o
                              0x2e5a2 (size before relaxing)
 .debug_str     0x00031fa1       0x29 src/drivers/spi_controller.o
                              0x2ec6a (size before relaxing)
 .debug_str     0x00031fca      0x1b7 src/drivers/uart.o
                              0x2f042 (size before relaxing)
 .debug_str     0x00032181      0x1df src/tools/RingBuffer.o
                              0x2e4ac (size before relaxing)
 .debug_str     0x00032360      0x232 src/ASF/common/services/clock/xmega/sysclk.o
                              0x2d19b (size before relaxing)
 .debug_str     0x00032592      0x4ed src/main.o
                              0x2ed40 (size before relaxing)

.debug_loc      0x00000000     0x39b4
 *(.debug_loc)
 .debug_loc     0x00000000       0x6e src/ASF/common/utils/stdio/read.o
 .debug_loc     0x0000006e       0x52 src/ASF/common/utils/stdio/write.o
 .debug_loc     0x000000c0      0x2b3 src/ASF/xmega/drivers/adc/adc.o
 .debug_loc     0x00000373      0xd3c src/ASF/xmega/drivers/adc/xmega_aau/adc_aau.o
 .debug_loc     0x000010af      0xe0d src/ASF/xmega/drivers/usart/usart.o
 .debug_loc     0x00001ebc      0x1cf src/drivers/ms5607.o
 .debug_loc     0x0000208b       0x57 src/drivers/spi_controller.o
 .debug_loc     0x000020e2      0x15b src/drivers/uart.o
 .debug_loc     0x0000223d      0xaf9 src/tools/RingBuffer.o
 .debug_loc     0x00002d36      0x2c5 src/ASF/common/services/clock/xmega/sysclk.o
 .debug_loc     0x00002ffb      0x9b9 src/main.o

.debug_macinfo
 *(.debug_macinfo)

.debug_weaknames
 *(.debug_weaknames)

.debug_funcnames
 *(.debug_funcnames)

.debug_typenames
 *(.debug_typenames)

.debug_varnames
 *(.debug_varnames)

.debug_pubtypes
 *(.debug_pubtypes)

.debug_ranges   0x00000000      0x2f0
 *(.debug_ranges)
 .debug_ranges  0x00000000       0x10 src/ASF/common/utils/stdio/read.o
 .debug_ranges  0x00000010       0x10 src/ASF/common/utils/stdio/write.o
 .debug_ranges  0x00000020       0x38 src/ASF/xmega/drivers/adc/adc.o
 .debug_ranges  0x00000058       0x68 src/ASF/xmega/drivers/adc/xmega_aau/adc_aau.o
 .debug_ranges  0x000000c0       0x80 src/ASF/xmega/drivers/usart/usart.o
 .debug_ranges  0x00000140       0x28 src/drivers/ms5607.o
 .debug_ranges  0x00000168       0x28 src/drivers/spi_controller.o
 .debug_ranges  0x00000190       0x20 src/drivers/uart.o
 .debug_ranges  0x000001b0       0xb0 src/tools/RingBuffer.o
 .debug_ranges  0x00000260       0x30 src/ASF/common/services/clock/xmega/sysclk.o
 .debug_ranges  0x00000290       0x60 src/main.o

.debug_macro    0x00000000     0x26e9
 *(.debug_macro)
 .debug_macro   0x00000000      0x16d src/ASF/common/utils/stdio/read.o
 .debug_macro   0x0000016d      0x16d src/ASF/common/utils/stdio/write.o
 .debug_macro   0x000002da      0x23a src/ASF/xmega/drivers/adc/adc.o
 .debug_macro   0x00000514       0x10 src/ASF/xmega/drivers/adc/adc.o
 .debug_macro   0x00000524       0x20 src/ASF/xmega/drivers/adc/adc.o
 .debug_macro   0x00000544       0x22 src/ASF/xmega/drivers/adc/adc.o
 .debug_macro   0x00000566      0x2c3 src/ASF/xmega/drivers/adc/adc.o
 .debug_macro   0x00000829       0x64 src/ASF/xmega/drivers/adc/adc.o
 .debug_macro   0x0000088d       0x2f src/ASF/xmega/drivers/adc/adc.o
 .debug_macro   0x000008bc      0x154 src/ASF/xmega/drivers/adc/adc.o
 .debug_macro   0x00000a10       0xe3 src/ASF/xmega/drivers/adc/adc.o
 .debug_macro   0x00000af3      0x23a src/ASF/xmega/drivers/adc/xmega_aau/adc_aau.o
 .debug_macro   0x00000d2d      0x219 src/ASF/xmega/drivers/usart/usart.o
 .debug_macro   0x00000f46      0x302 src/ASF/xmega/drivers/usart/usart.o
 .debug_macro   0x00001248       0x34 src/ASF/xmega/drivers/usart/usart.o
 .debug_macro   0x0000127c       0x9a src/ASF/xmega/drivers/usart/usart.o
 .debug_macro   0x00001316      0x327 src/drivers/ms5607.o
 .debug_macro   0x0000163d      0x305 src/drivers/spi_controller.o
 .debug_macro   0x00001942      0x304 src/drivers/uart.o
 .debug_macro   0x00001c46       0x34 src/drivers/uart.o
 .debug_macro   0x00001c7a      0x300 src/tools/RingBuffer.o
 .debug_macro   0x00001f7a       0xaa src/tools/RingBuffer.o
 .debug_macro   0x00002024      0x1e6 src/ASF/common/services/clock/xmega/sysclk.o
 .debug_macro   0x0000220a       0x26 src/ASF/common/services/clock/xmega/sysclk.o
 .debug_macro   0x00002230      0x359 src/main.o
 .debug_macro   0x00002589      0x160 src/main.o
OUTPUT(SkyFire.elf elf32-avr)
LOAD linker stubs
