Archive member included to satisfy reference by file (symbol)

c:/program files (x86)/atmel/studio/7.0/toolchain/avr8/avr8-gnu-toolchain/bin/../lib/gcc/avr/5.4.0/../../../../avr/lib/avrxmega7\libm.a(addsf3.o)
                              src/main.o (__subsf3)
c:/program files (x86)/atmel/studio/7.0/toolchain/avr8/avr8-gnu-toolchain/bin/../lib/gcc/avr/5.4.0/../../../../avr/lib/avrxmega7\libm.a(addsf3x.o)
                              c:/program files (x86)/atmel/studio/7.0/toolchain/avr8/avr8-gnu-toolchain/bin/../lib/gcc/avr/5.4.0/../../../../avr/lib/avrxmega7\libm.a(addsf3.o) (__addsf3x)
c:/program files (x86)/atmel/studio/7.0/toolchain/avr8/avr8-gnu-toolchain/bin/../lib/gcc/avr/5.4.0/../../../../avr/lib/avrxmega7\libm.a(cmpsf2.o)
                              src/main.o (__nesf2)
c:/program files (x86)/atmel/studio/7.0/toolchain/avr8/avr8-gnu-toolchain/bin/../lib/gcc/avr/5.4.0/../../../../avr/lib/avrxmega7\libm.a(divsf3.o)
                              src/drivers/bno055.o (__divsf3)
c:/program files (x86)/atmel/studio/7.0/toolchain/avr8/avr8-gnu-toolchain/bin/../lib/gcc/avr/5.4.0/../../../../avr/lib/avrxmega7\libm.a(divsf3x.o)
                              c:/program files (x86)/atmel/studio/7.0/toolchain/avr8/avr8-gnu-toolchain/bin/../lib/gcc/avr/5.4.0/../../../../avr/lib/avrxmega7\libm.a(divsf3.o) (__divsf3x)
c:/program files (x86)/atmel/studio/7.0/toolchain/avr8/avr8-gnu-toolchain/bin/../lib/gcc/avr/5.4.0/../../../../avr/lib/avrxmega7\libm.a(fixsfdi.o)
                              src/drivers/IMU.o (__fixunssfdi)
c:/program files (x86)/atmel/studio/7.0/toolchain/avr8/avr8-gnu-toolchain/bin/../lib/gcc/avr/5.4.0/../../../../avr/lib/avrxmega7\libm.a(fixsfsi.o)
                              src/main.o (__fixsfsi)
c:/program files (x86)/atmel/studio/7.0/toolchain/avr8/avr8-gnu-toolchain/bin/../lib/gcc/avr/5.4.0/../../../../avr/lib/avrxmega7\libm.a(fixunssfsi.o)
                              src/main.o (__fixunssfsi)
c:/program files (x86)/atmel/studio/7.0/toolchain/avr8/avr8-gnu-toolchain/bin/../lib/gcc/avr/5.4.0/../../../../avr/lib/avrxmega7\libm.a(floatsisf.o)
                              src/main.o (__floatunsisf)
c:/program files (x86)/atmel/studio/7.0/toolchain/avr8/avr8-gnu-toolchain/bin/../lib/gcc/avr/5.4.0/../../../../avr/lib/avrxmega7\libm.a(floatundisf.o)
                              src/drivers/IMU.o (__floatundisf)
c:/program files (x86)/atmel/studio/7.0/toolchain/avr8/avr8-gnu-toolchain/bin/../lib/gcc/avr/5.4.0/../../../../avr/lib/avrxmega7\libm.a(fp_cmp.o)
                              c:/program files (x86)/atmel/studio/7.0/toolchain/avr8/avr8-gnu-toolchain/bin/../lib/gcc/avr/5.4.0/../../../../avr/lib/avrxmega7\libm.a(cmpsf2.o) (__fp_cmp)
c:/program files (x86)/atmel/studio/7.0/toolchain/avr8/avr8-gnu-toolchain/bin/../lib/gcc/avr/5.4.0/../../../../avr/lib/avrxmega7\libm.a(fp_inf.o)
                              c:/program files (x86)/atmel/studio/7.0/toolchain/avr8/avr8-gnu-toolchain/bin/../lib/gcc/avr/5.4.0/../../../../avr/lib/avrxmega7\libm.a(addsf3x.o) (__fp_inf)
c:/program files (x86)/atmel/studio/7.0/toolchain/avr8/avr8-gnu-toolchain/bin/../lib/gcc/avr/5.4.0/../../../../avr/lib/avrxmega7\libm.a(fp_nan.o)
                              c:/program files (x86)/atmel/studio/7.0/toolchain/avr8/avr8-gnu-toolchain/bin/../lib/gcc/avr/5.4.0/../../../../avr/lib/avrxmega7\libm.a(addsf3x.o) (__fp_nan)
c:/program files (x86)/atmel/studio/7.0/toolchain/avr8/avr8-gnu-toolchain/bin/../lib/gcc/avr/5.4.0/../../../../avr/lib/avrxmega7\libm.a(fp_negdi.o)
                              c:/program files (x86)/atmel/studio/7.0/toolchain/avr8/avr8-gnu-toolchain/bin/../lib/gcc/avr/5.4.0/../../../../avr/lib/avrxmega7\libm.a(fixsfdi.o) (__fp_negdi)
c:/program files (x86)/atmel/studio/7.0/toolchain/avr8/avr8-gnu-toolchain/bin/../lib/gcc/avr/5.4.0/../../../../avr/lib/avrxmega7\libm.a(fp_pscA.o)
                              c:/program files (x86)/atmel/studio/7.0/toolchain/avr8/avr8-gnu-toolchain/bin/../lib/gcc/avr/5.4.0/../../../../avr/lib/avrxmega7\libm.a(addsf3x.o) (__fp_pscA)
c:/program files (x86)/atmel/studio/7.0/toolchain/avr8/avr8-gnu-toolchain/bin/../lib/gcc/avr/5.4.0/../../../../avr/lib/avrxmega7\libm.a(fp_pscB.o)
                              c:/program files (x86)/atmel/studio/7.0/toolchain/avr8/avr8-gnu-toolchain/bin/../lib/gcc/avr/5.4.0/../../../../avr/lib/avrxmega7\libm.a(addsf3x.o) (__fp_pscB)
c:/program files (x86)/atmel/studio/7.0/toolchain/avr8/avr8-gnu-toolchain/bin/../lib/gcc/avr/5.4.0/../../../../avr/lib/avrxmega7\libm.a(fp_round.o)
                              c:/program files (x86)/atmel/studio/7.0/toolchain/avr8/avr8-gnu-toolchain/bin/../lib/gcc/avr/5.4.0/../../../../avr/lib/avrxmega7\libm.a(addsf3.o) (__fp_round)
c:/program files (x86)/atmel/studio/7.0/toolchain/avr8/avr8-gnu-toolchain/bin/../lib/gcc/avr/5.4.0/../../../../avr/lib/avrxmega7\libm.a(fp_split3.o)
[...]
Memory Configuration

Name             Origin             Length             Attributes
text             0x00000000         0x00100000         xr
data             0x00802000         0x0000ffa0         rw !x
eeprom           0x00810000         0x00010000         rw !x
fuse             0x00820000         0x00000006         rw !x
lock             0x00830000         0x00000400         rw !x
signature        0x00840000         0x00000400         rw !x
user_signatures  0x00850000         0x00000400         rw !x
*default*        0x00000000         0xffffffff

Linker script and memory map

LOAD C:/Program Files (x86)/Atmel/Studio/7.0/Packs/atmel/XMEGAA_DFP/1.1.68/gcc/dev/atxmega128a4u/avrxmega7/crtatxmega128a4u.o
LOAD src/ASF/common/services/sleepmgr/xmega/sleepmgr.o
LOAD src/ASF/common/utils/stdio/read.o
LOAD src/ASF/common/utils/stdio/write.o
LOAD src/ASF/xmega/drivers/ac/ac.o
LOAD src/ASF/xmega/drivers/adc/adc.o
LOAD src/ASF/xmega/drivers/adc/xmega_aau/adc_aau.o
LOAD src/ASF/xmega/drivers/tc/tc.o
LOAD src/ASF/xmega/drivers/twi/twim.o
LOAD src/ASF/xmega/drivers/twi/twis.o
LOAD src/ASF/xmega/drivers/usart/usart.o
LOAD src/ASF/xmega/services/pwm/pwm.o
LOAD src/drivers/bno055.o
LOAD src/drivers/IMU.o
LOAD src/drivers/RTC.o
LOAD src/drivers/spy_cam.o
LOAD src/drivers/thermistor.o
LOAD src/drivers/mt3339.o
LOAD src/drivers/ms5607.o
LOAD src/drivers/spi_controller.o
LOAD src/drivers/data_logger.o
LOAD src/drivers/voltage.o
LOAD src/drivers/xbee.o
LOAD src/tools/RingBuffer.o
LOAD src/ASF/common/services/serial/usart_serial.o
LOAD src/ASF/common/services/ioport/xmega/ioport_compat.o
LOAD src/ASF/common/services/clock/xmega/sysclk.o
LOAD src/ASF/xmega/drivers/nvm/nvm.o
LOAD src/ASF/xmega/drivers/spi/spi.o
LOAD src/ASF/xmega/drivers/nvm/nvm_asm.o
LOAD src/ASF/xmega/drivers/cpu/ccp.o
LOAD src/ASF/common/boards/user_board/init.o
LOAD src/main.o
START GROUP
LOAD c:/program files (x86)/atmel/studio/7.0/toolchain/avr8/avr8-gnu-toolchain/bin/../lib/gcc/avr/5.4.0/../../../../avr/lib/avrxmega7\libm.a
END GROUP
START GROUP
LOAD c:/program files (x86)/atmel/studio/7.0/toolchain/avr8/avr8-gnu-toolchain/bin/../lib/gcc/avr/5.4.0/avrxmega7\libgcc.a
LOAD c:/program files (x86)/atmel/studio/7.0/toolchain/avr8/avr8-gnu-toolchain/bin/../lib/gcc/avr/5.4.0/../../../../avr/lib/avrxmega7\libm.a
LOAD c:/program files (x86)/atmel/studio/7.0/toolchain/avr8/avr8-gnu-toolchain/bin/../lib/gcc/avr/5.4.0/../../../../avr/lib/avrxmega7\libc.a
LOAD C:/Program Files (x86)/Atmel/Studio/7.0/Packs/atmel/XMEGAA_DFP/1.1.68/gcc/dev/atxmega128a4u/avrxmega7\libatxmega128a4u.a
END GROUP
                0x00100000                __TEXT_REGION_LENGTH__ = DEFINED (__TEXT_REGION_LENGTH__)?__TEXT_REGION_LENGTH__:0x100000
                0x0000ffa0                __DATA_REGION_LENGTH__ = DEFINED (__DATA_REGION_LENGTH__)?__DATA_REGION_LENGTH__:0xffa0
                0x00010000                __EEPROM_REGION_LENGTH__ = DEFINED (__EEPROM_REGION_LENGTH__)?__EEPROM_REGION_LENGTH__:0x10000
                [0x00000006]                __FUSE_REGION_LENGTH__ = DEFINED (__FUSE_REGION_LENGTH__)?__FUSE_REGION_LENGTH__:0x400
                0x00000400                __LOCK_REGION_LENGTH__ = DEFINED (__LOCK_REGION_LENGTH__)?__LOCK_REGION_LENGTH__:0x400
                0x00000400                __SIGNATURE_REGION_LENGTH__ = DEFINED (__SIGNATURE_REGION_LENGTH__)?__SIGNATURE_REGION_LENGTH__:0x400
                0x00000400                __USER_SIGNATURE_REGION_LENGTH__ = DEFINED (__USER_SIGNATURE_REGION_LENGTH__)?__USER_SIGNATURE_REGION_LENGTH__:0x400

.hash
 *(.hash)

.dynsym
 *(.dynsym)

.dynstr
 *(.dynstr)

.gnu.version
 *(.gnu.version)

.gnu.version_d
 *(.gnu.version_d)

.gnu.version_r
 *(.gnu.version_r)

.rel.init
 *(.rel.init)

.rela.init
 *(.rela.init)

.rel.text
 *(.rel.text)
 *(.rel.text.*)
 *(.rel.gnu.linkonce.t*)

.rela.text
 *(.rela.text)
 *(.rela.text.*)
 *(.rela.gnu.linkonce.t*)

.rel.fini
 *(.rel.fini)

.rela.fini
 *(.rela.fini)

.rel.rodata
 *(.rel.rodata)
 *(.rel.rodata.*)
 *(.rel.gnu.linkonce.r*)

.rela.rodata
 *(.rela.rodata)
 *(.rela.rodata.*)
 *(.rela.gnu.linkonce.r*)

.rel.data
 *(.rel.data)
 *(.rel.data.*)
 *(.rel.gnu.linkonce.d*)

.rela.data
 *(.rela.data)
 *(.rela.data.*)
 *(.rela.gnu.linkonce.d*)

.rel.ctors
 *(.rel.ctors)

.rela.ctors
 *(.rela.ctors)

.rel.dtors
 *(.rel.dtors)

.rela.dtors
 *(.rela.dtors)

.rel.got
 *(.rel.got)

.rela.got
 *(.rela.got)

.rel.bss
 *(.rel.bss)

.rela.bss
 *(.rela.bss)

.rel.plt
 *(.rel.plt)

.rela.plt
 *(.rela.plt)

.text           0x00000000     0x5b62
 *(.vectors)
 .vectors       0x00000000      0x1fc C:/Program Files (x86)/Atmel/Studio/7.0/Packs/atmel/XMEGAA_DFP/1.1.68/gcc/dev/atxmega128a4u/avrxmega7/crtatxmega128a4u.o
                0x00000000                __vector_default
                0x00000000                __vectors
 *(.vectors)
 *(.progmem.gcc*)
 .progmem.gcc_sw_table.command
                0x000001fc       0x26 src/main.o
 .progmem.gcc_fplib
                0x00000222       0x28 c:/program files (x86)/atmel/studio/7.0/toolchain/avr8/avr8-gnu-toolchain/bin/../lib/gcc/avr/5.4.0/../../../../avr/lib/avrxmega7\libm.a(exp.o)
 .progmem.gcc_fplib
                0x0000024a       0x5a c:/program files (x86)/atmel/studio/7.0/toolchain/avr8/avr8-gnu-toolchain/bin/../lib/gcc/avr/5.4.0/../../../../avr/lib/avrxmega7\libm.a(log.o)
                0x000002a4                . = ALIGN (0x2)
                0x000002a4                __trampolines_start = .
 *(.trampolines)
 .trampolines   0x000002a4        0x0 linker stubs
 *(.trampolines*)
                0x000002a4                __trampolines_end = .
 *libprintf_flt.a:*(.progmem.data)
 *libc.a:*(.progmem.data)
 .progmem.data  0x000002a4        0xc c:/program files (x86)/atmel/studio/7.0/toolchain/avr8/avr8-gnu-toolchain/bin/../lib/gcc/avr/5.4.0/../../../../avr/lib/avrxmega7\libc.a(vfscanf_std.o)
 *(.progmem*)
                0x000002b0                . = ALIGN (0x2)
 *(.jumptables)
 *(.jumptables*)
 *(.lowtext)
 *(.lowtext*)
                0x000002b0                __ctors_start = .
 *(.ctors)
                0x000002b0                __ctors_end = .
                0x000002b0                __dtors_start = .
 *(.dtors)
                0x000002b0                __dtors_end = .
 SORT(*)(.ctors)
 SORT(*)(.dtors)
 *(.init0)
 .init0         0x000002b0        0x0 C:/Program Files (x86)/Atmel/Studio/7.0/Packs/atmel/XMEGAA_DFP/1.1.68/gcc/dev/atxmega128a4u/avrxmega7/crtatxmega128a4u.o
                0x000002b0                __init
 *(.init0)
 *(.init1)
 *(.init1)
 *(.init2)
 .init2         0x000002b0       0x18 C:/Program Files (x86)/Atmel/Studio/7.0/Packs/atmel/XMEGAA_DFP/1.1.68/gcc/dev/atxmega128a4u/avrxmega7/crtatxmega128a4u.o
 *(.init2)
 *(.init3)
 *(.init3)
 *(.init4)
 .init4         0x000002c8       0x1c c:/program files (x86)/atmel/studio/7.0/toolchain/avr8/avr8-gnu-toolchain/bin/../lib/gcc/avr/5.4.0/avrxmega7\libgcc.a(_copy_data.o)
                0x000002c8                __do_copy_data
 .init4         0x000002e4       0x10 c:/program files (x86)/atmel/studio/7.0/toolchain/avr8/avr8-gnu-toolchain/bin/../lib/gcc/avr/5.4.0/avrxmega7\libgcc.a(_clear_bss.o)
                0x000002e4                __do_clear_bss
 *(.init4)
 *(.init5)
 *(.init5)
 *(.init6)
 *(.init6)
 *(.init7)
 *(.init7)
 *(.init8)
 *(.init8)
 *(.init9)
 .init9         0x000002f4        0x8 C:/Program Files (x86)/Atmel/Studio/7.0/Packs/atmel/XMEGAA_DFP/1.1.68/gcc/dev/atxmega128a4u/avrxmega7/crtatxmega128a4u.o
 *(.init9)
 *(.text)
 .text          0x000002fc        0x2 C:/Program Files (x86)/Atmel/Studio/7.0/Packs/atmel/XMEGAA_DFP/1.1.68/gcc/dev/atxmega128a4u/avrxmega7/crtatxmega128a4u.o
                0x000002fc                __vector_38
                0x000002fc                __vector_104
                0x000002fc                __vector_63
                0x000002fc                __vector_28
                0x000002fc                __vector_67
                0x000002fc                __vector_1
                0x000002fc                __vector_119
                0x000002fc                __vector_32
                0x000002fc                __vector_75
                0x000002fc                __vector_34
                0x000002fc                __vector_62
                0x000002fc                __vector_102
                0x000002fc                __vector_24
                0x000002fc                __vector_12
                0x000002fc                __vector_55
                0x000002fc                __vector_90
                0x000002fc                __bad_interrupt
                0x000002fc                __vector_122
                0x000002fc                __vector_114
                0x000002fc                __vector_6
                0x000002fc                __vector_110
                0x000002fc                __vector_31
                0x000002fc                __vector_92
                0x000002fc                __vector_35
                0x000002fc                __vector_117
                0x000002fc                __vector_39
                0x000002fc                __vector_107
                0x000002fc                __vector_3
                0x000002fc                __vector_105
                0x000002fc                __vector_98
                0x000002fc                __vector_30
                0x000002fc                __vector_45
                0x000002fc                __vector_25
                0x000002fc                __vector_93
                0x000002fc                __vector_61
                0x000002fc                __vector_11
                0x000002fc                __vector_54
                0x000002fc                __vector_99
                0x000002fc                __vector_56
                0x000002fc                __vector_7
                0x000002fc                __vector_125
                0x000002fc                __vector_123
                0x000002fc                __vector_41
                0x000002fc                __vector_100
                0x000002fc                __vector_101
                0x000002fc                __vector_64
                0x000002fc                __vector_88
                0x000002fc                __vector_109
                0x000002fc                __vector_43
                0x000002fc                __vector_27
                0x000002fc                __vector_5
                0x000002fc                __vector_113
                0x000002fc                __vector_33
                0x000002fc                __vector_76
                0x000002fc                __vector_115
                0x000002fc                __vector_37
                0x000002fc                __vector_95
                0x000002fc                __vector_103
                0x000002fc                __vector_96
                0x000002fc                __vector_89
                0x000002fc                __vector_108
                0x000002fc                __vector_4
                0x000002fc                __vector_44
                0x000002fc                __vector_106
                0x000002fc                __vector_118
                0x000002fc                __vector_9
                0x000002fc                __vector_2
                0x000002fc                __vector_66
                0x000002fc                __vector_36
                0x000002fc                __vector_29
                0x000002fc                __vector_60
                0x000002fc                __vector_121
                0x000002fc                __vector_40
                0x000002fc                __vector_94
                0x000002fc                __vector_126
                0x000002fc                __vector_8
                0x000002fc                __vector_26
                0x000002fc                __vector_124
                0x000002fc                __vector_116
                0x000002fc                __vector_112
                0x000002fc                __vector_111
                0x000002fc                __vector_57
                0x000002fc                __vector_53
                0x000002fc                __vector_10
                0x000002fc                __vector_59
                0x000002fc                __vector_97
                0x000002fc                __vector_42
                0x000002fc                __vector_87
                0x000002fc                __vector_65
                0x000002fc                __vector_120
                0x000002fe                . = ALIGN (0x2)
 *(.text.*)
 .text._read    0x000002fe       0x32 src/ASF/common/utils/stdio/read.o
                0x000002fe                _read
 .text._write   0x00000330       0x24 src/ASF/common/utils/stdio/write.o
                0x00000330                _write
 .text.__vector_68
                0x00000354       0x8c src/ASF/xmega/drivers/ac/ac.o
                0x00000354                __vector_68
 .text.__vector_69
                0x000003e0       0x8c src/ASF/xmega/drivers/ac/ac.o
                0x000003e0                __vector_69
 .text.__vector_70
                0x0000046c       0x7c src/ASF/xmega/drivers/ac/ac.o
                0x0000046c                __vector_70
 .text.ac_write_config
                0x000004e8       0xae src/ASF/xmega/drivers/ac/ac.o
                0x000004e8                ac_write_config
 .text.ac_enable
                0x00000596       0x90 src/ASF/xmega/drivers/ac/ac.o
                0x00000596                ac_enable
 .text.ac_set_interrupt_callback
                0x00000626       0x10 src/ASF/xmega/drivers/ac/ac.o
                0x00000626                ac_set_interrupt_callback
 .text.__vector_71
                0x00000636       0x7a src/ASF/xmega/drivers/adc/xmega_aau/adc_aau.o
                0x00000636                __vector_71
 .text.__vector_72
                0x000006b0       0x7a src/ASF/xmega/drivers/adc/xmega_aau/adc_aau.o
                0x000006b0                __vector_72
 .text.__vector_73
                0x0000072a       0x7a src/ASF/xmega/drivers/adc/xmega_aau/adc_aau.o
                0x0000072a                __vector_73
 .text.__vector_74
                0x000007a4       0x7a src/ASF/xmega/drivers/adc/xmega_aau/adc_aau.o
                0x000007a4                __vector_74
 .text.__vector_14
                0x0000081e       0x70 src/ASF/xmega/drivers/tc/tc.o
                0x0000081e                __vector_14
 .text.__vector_15
                0x0000088e       0x70 src/ASF/xmega/drivers/tc/tc.o
                0x0000088e                __vector_15
 .text.__vector_16
                0x000008fe       0x70 src/ASF/xmega/drivers/tc/tc.o
                0x000008fe                __vector_16
 .text.__vector_17
                0x0000096e       0x70 src/ASF/xmega/drivers/tc/tc.o
                0x0000096e                __vector_17
 .text.__vector_18
                0x000009de       0x70 src/ASF/xmega/drivers/tc/tc.o
                0x000009de                __vector_18
 .text.__vector_19
                0x00000a4e       0x70 src/ASF/xmega/drivers/tc/tc.o
                0x00000a4e                __vector_19
 .text.__vector_20
                0x00000abe       0x70 src/ASF/xmega/drivers/tc/tc.o
                0x00000abe                __vector_20
 .text.__vector_21
                0x00000b2e       0x70 src/ASF/xmega/drivers/tc/tc.o
                0x00000b2e                __vector_21
 .text.__vector_22
                0x00000b9e       0x70 src/ASF/xmega/drivers/tc/tc.o
                0x00000b9e                __vector_22
 .text.__vector_23
                0x00000c0e       0x70 src/ASF/xmega/drivers/tc/tc.o
                0x00000c0e                __vector_23
 .text.__vector_77
                0x00000c7e       0x70 src/ASF/xmega/drivers/tc/tc.o
                0x00000c7e                __vector_77
 .text.__vector_78
                0x00000cee       0x70 src/ASF/xmega/drivers/tc/tc.o
                0x00000cee                __vector_78
 .text.__vector_79
                0x00000d5e       0x70 src/ASF/xmega/drivers/tc/tc.o
                0x00000d5e                __vector_79
 .text.__vector_80
                0x00000dce       0x70 src/ASF/xmega/drivers/tc/tc.o
                0x00000dce                __vector_80
 .text.__vector_81
                0x00000e3e       0x70 src/ASF/xmega/drivers/tc/tc.o
                0x00000e3e                __vector_81
 .text.__vector_82
                0x00000eae       0x70 src/ASF/xmega/drivers/tc/tc.o
                0x00000eae                __vector_82
 .text.__vector_83
                0x00000f1e       0x70 src/ASF/xmega/drivers/tc/tc.o
                0x00000f1e                __vector_83
 .text.__vector_84
                0x00000f8e       0x70 src/ASF/xmega/drivers/tc/tc.o
                0x00000f8e                __vector_84
 .text.__vector_85
                0x00000ffe       0x70 src/ASF/xmega/drivers/tc/tc.o
                0x00000ffe                __vector_85
 .text.__vector_86
                0x0000106e       0x70 src/ASF/xmega/drivers/tc/tc.o
                0x0000106e                __vector_86
 .text.__vector_48
                0x000010de       0x70 src/ASF/xmega/drivers/tc/tc.o
                0x000010de                __vector_48
 .text.__vector_49
                0x0000114e       0x70 src/ASF/xmega/drivers/tc/tc.o
                0x0000114e                __vector_49
 .text.__vector_50
                0x000011be       0x70 src/ASF/xmega/drivers/tc/tc.o
                0x000011be                __vector_50
 .text.__vector_51
                0x0000122e       0x70 src/ASF/xmega/drivers/tc/tc.o
                0x0000122e                __vector_51
 .text.__vector_52
                0x0000129e       0x70 src/ASF/xmega/drivers/tc/tc.o
                0x0000129e                __vector_52
 .text.twim_interrupt_handler
                0x0000130e      0x12e src/ASF/xmega/drivers/twi/twim.o
 .text.__vector_13
                0x0000143c       0x64 src/ASF/xmega/drivers/twi/twim.o
                0x0000143c                __vector_13
 .text.__vector_46
                0x000014a0       0x64 src/ASF/xmega/drivers/twi/twim.o
                0x000014a0                __vector_46
 .text.usart_putchar
                0x00001504       0x10 src/ASF/xmega/drivers/usart/usart.o
                0x00001504                usart_putchar
 .text.usart_getchar
                0x00001514        0xc src/ASF/xmega/drivers/usart/usart.o
                0x00001514                usart_getchar
 .text.usart_set_baudrate
                0x00001520      0x226 src/ASF/xmega/drivers/usart/usart.o
                0x00001520                usart_set_baudrate
 .text.usart_init_rs232
                0x00001746      0x1d2 src/ASF/xmega/drivers/usart/usart.o
                0x00001746                usart_init_rs232
 .text.imu_heading
                0x00001918       0x12 src/drivers/IMU.o
                0x00001918                imu_heading
 .text.cam_switch
                0x0000192a        0xe src/drivers/spy_cam.o
                0x0000192a                cam_switch
 .text.cam_init
                0x00001938        0xe src/drivers/spy_cam.o
                0x00001938                cam_init
 .text.thermistor_init
                0x00001946       0x54 src/drivers/thermistor.o
                0x00001946                thermistor_init
 .text.thermistor_read
                0x0000199a       0x1a src/drivers/thermistor.o
                0x0000199a                thermistor_read
 .text.gps_uart_init
                0x000019b4       0x5c src/drivers/mt3339.o
                0x000019b4                gps_uart_init
 .text.__portable_avr_delay_cycles
                0x00001a10       0x16 src/drivers/ms5607.o
 .text.flip_ms5607
                0x00001a26        0xe src/drivers/ms5607.o
                0x00001a26                flip_ms5607
 .text.ms5607_init
                0x00001a34       0x28 src/drivers/ms5607.o
                0x00001a34                ms5607_init
 .text.ms5607_read
                0x00001a5c       0x24 src/drivers/ms5607.o
                0x00001a5c                ms5607_read
 .text.spi_init
                0x00001a80       0x18 src/drivers/spi_controller.o
                0x00001a80                spi_init
 .text.spi_read
                0x00001a98       0x1e src/drivers/spi_controller.o
                0x00001a98                spi_read
 .text.spi_write
                0x00001ab6       0x18 src/drivers/spi_controller.o
                0x00001ab6                spi_write
 .text.usart_serial_getchar
                0x00001ace       0x10 src/drivers/data_logger.o
 .text.usart_serial_putchar
                0x00001ade        0x4 src/drivers/data_logger.o
 .text.data_terminal_init
                0x00001ae2       0x8c src/drivers/data_logger.o
                0x00001ae2                data_terminal_init
 .text.voltage_init
                0x00001b6e       0x54 src/drivers/voltage.o
                0x00001b6e                voltage_init
 .text.voltage_read
                0x00001bc2       0x1a src/drivers/voltage.o
                0x00001bc2                voltage_read
 .text.rb16_write
                0x00001bdc       0x7e src/tools/RingBuffer.o
                0x00001bdc                rb16_write
 .text.rb16_init
                0x00001c5a       0x14 src/tools/RingBuffer.o
                0x00001c5a                rb16_init
 .text.rb16_get_nth
                0x00001c6e       0x5a src/tools/RingBuffer.o
                0x00001c6e                rb16_get_nth
 .text.rb32_write
                0x00001cc8       0xa2 src/tools/RingBuffer.o
                0x00001cc8                rb32_write
 .text.rb32_init
                0x00001d6a       0x14 src/tools/RingBuffer.o
                0x00001d6a                rb32_init
 .text.rb32_get_nth
                0x00001d7e       0x6a src/tools/RingBuffer.o
                0x00001d7e                rb32_get_nth
 .text.sysclk_init
                0x00001de8       0x6a src/ASF/common/services/clock/xmega/sysclk.o
                0x00001de8                sysclk_init
 .text.sysclk_enable_module
                0x00001e52       0x2c src/ASF/common/services/clock/xmega/sysclk.o
                0x00001e52                sysclk_enable_module
 .text.sysclk_disable_module
                0x00001e7e       0x2a src/ASF/common/services/clock/xmega/sysclk.o
                0x00001e7e                sysclk_disable_module
 .text.nvm_read_byte
                0x00001ea8       0x14 src/ASF/xmega/drivers/nvm/nvm_asm.o
                0x00001ea8                nvm_read_byte
 .text.ccp_write_io
                0x00001ebc        0xc src/ASF/xmega/drivers/cpu/ccp.o
                0x00001ebc                ccp_write_io
 .text.__portable_avr_delay_cycles
                0x00001ec8       0x16 src/main.o
 .text.hall_sensor_measure
                0x00001ede       0x14 src/main.o
 .text.pressure_init
                0x00001ef2       0x8e src/main.o
                0x00001ef2                pressure_init
 .text.gps_init
                0x00001f80       0x14 src/main.o
                0x00001f80                gps_init
 .text.hall_sensor_init
                0x00001f94       0x80 src/main.o
                0x00001f94                hall_sensor_init
 .text.get_temperature
                0x00002014       0x40 src/main.o
                0x00002014                get_temperature
 .text.get_altitude
                0x00002054       0xbe src/main.o
                0x00002054                get_altitude
 .text.get_voltage
                0x00002112       0x74 src/main.o
                0x00002112                get_voltage
 .text.diff     0x00002186      0x166 src/main.o
                0x00002186                diff
 .text.data_check
                0x000022ec      0x1f6 src/main.o
                0x000022ec                data_check
 .text.data_collect
                0x000024e2      0x116 src/main.o
                0x000024e2                data_collect
 .text.state_check
                0x000025f8      0x210 src/main.o
                0x000025f8                state_check
 .text.release_servo_init
                0x00002808       0x50 src/main.o
                0x00002808                release_servo_init
 .text.servo_timer_init
                0x00002858       0x12 src/main.o
                0x00002858                servo_timer_init
 .text.servo_pid
                0x0000286a      0x12a src/main.o
                0x0000286a                servo_pid
 .text.clock_init
                0x00002994       0x1c src/main.o
                0x00002994                clock_init
 .text.time_update
                0x000029b0      0x47c src/main.o
                0x000029b0                time_update
 .text.calc_rpm
                0x00002e2c       0x6a src/main.o
                0x00002e2c                calc_rpm
 .text.cali_alt
                0x00002e96       0x34 src/main.o
                0x00002e96                cali_alt
 .text.cali_ang
                0x00002eca       0x16 src/main.o
                0x00002eca                cali_ang
 .text.calibrate
                0x00002ee0        0x6 src/main.o
                0x00002ee0                calibrate
 .text.servo_release
                0x00002ee6       0x18 src/main.o
                0x00002ee6                servo_release
 .text.servo_close
                0x00002efe       0x16 src/main.o
                0x00002efe                servo_close
 .text.packet   0x00002f14      0x454 src/main.o
                0x00002f14                packet
 .text.eeprom_write_const
                0x00003368      0x260 src/main.o
                0x00003368                eeprom_write_const
 .text.eeprom_read
                0x000035c8       0x2c src/main.o
                0x000035c8                eeprom_read
 .text.system_init
                0x000035f4      0x4a4 src/main.o
                0x000035f4                system_init
 .text.eeprom_erase
                0x00003a98       0x30 src/main.o
                0x00003a98                eeprom_erase
 .text.reset    0x00003ac8       0x14 src/main.o
                0x00003ac8                reset
 .text.command  0x00003adc       0x36 src/main.o
                0x00003adc                command
 .text.main     0x00003b12      0x182 src/main.o
                0x00003b12                main
 .text.__vector_47
                0x00003c94       0x3e src/main.o
                0x00003c94                __vector_47
 .text.__vector_58
                0x00003cd2       0x74 src/main.o
                0x00003cd2                __vector_58
 .text.__vector_91
                0x00003d46      0x60c src/main.o
                0x00003d46                __vector_91
 .text.avr-libc.fplib
                0x00004352        0xa c:/program files (x86)/atmel/studio/7.0/toolchain/avr8/avr8-gnu-toolchain/bin/../lib/gcc/avr/5.4.0/../../../../avr/lib/avrxmega7\libm.a(addsf3.o)
                0x00004352                __subsf3
                0x00004354                __addsf3
 .text.avr-libc.fplib
                0x0000435c       0xc0 c:/program files (x86)/atmel/studio/7.0/toolchain/avr8/avr8-gnu-toolchain/bin/../lib/gcc/avr/5.4.0/../../../../avr/lib/avrxmega7\libm.a(addsf3x.o)
                0x00004376                __addsf3x
 .text.avr-libc.fplib
                0x0000441c        0x8 c:/program files (x86)/atmel/studio/7.0/toolchain/avr8/avr8-gnu-toolchain/bin/../lib/gcc/avr/5.4.0/../../../../avr/lib/avrxmega7\libm.a(cmpsf2.o)
                0x0000441c                __nesf2
                0x0000441c                __eqsf2
                0x0000441c                __cmpsf2
                0x0000441c                __ltsf2
                0x0000441c                __lesf2
 .text.avr-libc.fplib
                0x00004424        0x4 c:/program files (x86)/atmel/studio/7.0/toolchain/avr8/avr8-gnu-toolchain/bin/../lib/gcc/avr/5.4.0/../../../../avr/lib/avrxmega7\libm.a(divsf3.o)
                0x00004424                __divsf3
 .text.avr-libc.fplib
                0x00004428       0xcc c:/program files (x86)/atmel/studio/7.0/toolchain/avr8/avr8-gnu-toolchain/bin/../lib/gcc/avr/5.4.0/../../../../avr/lib/avrxmega7\libm.a(divsf3x.o)
                0x0000443e                __divsf3x
                0x00004442                __divsf3_pse
 .text.avr-libc.fplib
                0x000044f4        0xa c:/program files (x86)/atmel/studio/7.0/toolchain/avr8/avr8-gnu-toolchain/bin/../lib/gcc/avr/5.4.0/../../../../avr/lib/avrxmega7\libm.a(fixsfsi.o)
                0x000044f4                __fixsfsi
 .text.avr-libc.fplib
                0x000044fe       0x58 c:/program files (x86)/atmel/studio/7.0/toolchain/avr8/avr8-gnu-toolchain/bin/../lib/gcc/avr/5.4.0/../../../../avr/lib/avrxmega7\libm.a(fixunssfsi.o)
                0x000044fe                __fixunssfsi
 .text.avr-libc.fplib
                0x00004556       0x7a c:/program files (x86)/atmel/studio/7.0/toolchain/avr8/avr8-gnu-toolchain/bin/../lib/gcc/avr/5.4.0/../../../../avr/lib/avrxmega7\libm.a(floatsisf.o)
                0x00004556                __floatunsisf
                0x0000455a                __floatsisf
 .text.avr-libc.fplib
                0x000045d0       0x48 c:/program files (x86)/atmel/studio/7.0/toolchain/avr8/avr8-gnu-toolchain/bin/../lib/gcc/avr/5.4.0/../../../../avr/lib/avrxmega7\libm.a(fp_cmp.o)
                0x000045d0                __fp_cmp
 .text.avr-libc.fplib
                0x00004618        0xc c:/program files (x86)/atmel/studio/7.0/toolchain/avr8/avr8-gnu-toolchain/bin/../lib/gcc/avr/5.4.0/../../../../avr/lib/avrxmega7\libm.a(fp_inf.o)
                0x00004618                __fp_inf
 .text.avr-libc.fplib
                0x00004624        0x6 c:/program files (x86)/atmel/studio/7.0/toolchain/avr8/avr8-gnu-toolchain/bin/../lib/gcc/avr/5.4.0/../../../../avr/lib/avrxmega7\libm.a(fp_nan.o)
                0x00004624                __fp_nan
 .text.avr-libc.fplib
                0x0000462a        0xe c:/program files (x86)/atmel/studio/7.0/toolchain/avr8/avr8-gnu-toolchain/bin/../lib/gcc/avr/5.4.0/../../../../avr/lib/avrxmega7\libm.a(fp_pscA.o)
                0x0000462a                __fp_pscA
 .text.avr-libc.fplib
                0x00004638        0xe c:/program files (x86)/atmel/studio/7.0/toolchain/avr8/avr8-gnu-toolchain/bin/../lib/gcc/avr/5.4.0/../../../../avr/lib/avrxmega7\libm.a(fp_pscB.o)
                0x00004638                __fp_pscB
 .text.avr-libc.fplib
                0x00004646       0x22 c:/program files (x86)/atmel/studio/7.0/toolchain/avr8/avr8-gnu-toolchain/bin/../lib/gcc/avr/5.4.0/../../../../avr/lib/avrxmega7\libm.a(fp_round.o)
                0x00004646                __fp_round
 .text.avr-libc.fplib
                0x00004668       0x44 c:/program files (x86)/atmel/studio/7.0/toolchain/avr8/avr8-gnu-toolchain/bin/../lib/gcc/avr/5.4.0/../../../../avr/lib/avrxmega7\libm.a(fp_split3.o)
                0x00004668                __fp_split3
                0x00004678                __fp_splitA
 .text.avr-libc.fplib
                0x000046ac        0xe c:/program files (x86)/atmel/studio/7.0/toolchain/avr8/avr8-gnu-toolchain/bin/../lib/gcc/avr/5.4.0/../../../../avr/lib/avrxmega7\libm.a(fp_zero.o)
                0x000046ac                __fp_zero
                0x000046ae                __fp_szero
 .text.avr-libc.fplib
                0x000046ba        0x8 c:/program files (x86)/atmel/studio/7.0/toolchain/avr8/avr8-gnu-toolchain/bin/../lib/gcc/avr/5.4.0/../../../../avr/lib/avrxmega7\libm.a(gesf2.o)
                0x000046ba                __gesf2
                0x000046ba                __gtsf2
 .text.avr-libc.fplib
                0x000046c2        0x4 c:/program files (x86)/atmel/studio/7.0/toolchain/avr8/avr8-gnu-toolchain/bin/../lib/gcc/avr/5.4.0/../../../../avr/lib/avrxmega7\libm.a(mulsf3.o)
                0x000046c2                __mulsf3
 .text.avr-libc.fplib
                0x000046c6       0xc2 c:/program files (x86)/atmel/studio/7.0/toolchain/avr8/avr8-gnu-toolchain/bin/../lib/gcc/avr/5.4.0/../../../../avr/lib/avrxmega7\libm.a(mulsf3x.o)
                0x000046da                __mulsf3x
                0x000046de                __mulsf3_pse
 .text.avr-libc.fplib
                0x00004788       0x98 c:/program files (x86)/atmel/studio/7.0/toolchain/avr8/avr8-gnu-toolchain/bin/../lib/gcc/avr/5.4.0/../../../../avr/lib/avrxmega7\libm.a(pow.o)
                0x00004788                pow
 .text.avr-libc.fplib
                0x00004820       0x62 c:/program files (x86)/atmel/studio/7.0/toolchain/avr8/avr8-gnu-toolchain/bin/../lib/gcc/avr/5.4.0/../../../../avr/lib/avrxmega7\libm.a(exp.o)
                0x0000482a                exp
 .text.avr-libc.fplib
                0x00004882       0x4a c:/program files (x86)/atmel/studio/7.0/toolchain/avr8/avr8-gnu-toolchain/bin/../lib/gcc/avr/5.4.0/../../../../avr/lib/avrxmega7\libm.a(fp_powser.o)
                0x00004882                __fp_powser
 .text.avr-libc.fplib
                0x000048cc        0xe c:/program files (x86)/atmel/studio/7.0/toolchain/avr8/avr8-gnu-toolchain/bin/../lib/gcc/avr/5.4.0/../../../../avr/lib/avrxmega7\libm.a(inverse.o)
                0x000048cc                inverse
 .text.avr-libc.fplib
                0x000048da       0x6c c:/program files (x86)/atmel/studio/7.0/toolchain/avr8/avr8-gnu-toolchain/bin/../lib/gcc/avr/5.4.0/../../../../avr/lib/avrxmega7\libm.a(ldexp.o)
                0x000048de                ldexp
 .text.avr-libc.fplib
                0x00004946       0x8a c:/program files (x86)/atmel/studio/7.0/toolchain/avr8/avr8-gnu-toolchain/bin/../lib/gcc/avr/5.4.0/../../../../avr/lib/avrxmega7\libm.a(log.o)
                0x00004950                log
 .text.avr-libc.fplib
                0x000049d0       0x66 c:/program files (x86)/atmel/studio/7.0/toolchain/avr8/avr8-gnu-toolchain/bin/../lib/gcc/avr/5.4.0/../../../../avr/lib/avrxmega7\libm.a(modf.o)
                0x000049d0                modf
                0x000049d0                modff
 .text.avr-libc.fplib
                0x00004a36       0x1c c:/program files (x86)/atmel/studio/7.0/toolchain/avr8/avr8-gnu-toolchain/bin/../lib/gcc/avr/5.4.0/../../../../avr/lib/avrxmega7\libm.a(fp_mpack.o)
                0x00004a36                __fp_mpack
                0x00004a3a                __fp_mpack_finite
 .text.libgcc.mul
                0x00004a52       0x1e c:/program files (x86)/atmel/studio/7.0/toolchain/avr8/avr8-gnu-toolchain/bin/../lib/gcc/avr/5.4.0/avrxmega7\libgcc.a(_mulsi3.o)
                0x00004a52                __mulsi3
 .text.libgcc.div
                0x00004a70       0x28 c:/program files (x86)/atmel/studio/7.0/toolchain/avr8/avr8-gnu-toolchain/bin/../lib/gcc/avr/5.4.0/avrxmega7\libgcc.a(_udivmodhi4.o)
                0x00004a70                __udivmodhi4
 .text.libgcc.div
                0x00004a98       0x26 c:/program files (x86)/atmel/studio/7.0/toolchain/avr8/avr8-gnu-toolchain/bin/../lib/gcc/avr/5.4.0/avrxmega7\libgcc.a(_divmodhi4.o)
                0x00004a98                _div
                0x00004a98                __divmodhi4
 .text.libgcc.div
                0x00004abe       0x44 c:/program files (x86)/atmel/studio/7.0/toolchain/avr8/avr8-gnu-toolchain/bin/../lib/gcc/avr/5.4.0/avrxmega7\libgcc.a(_udivmodsi4.o)
                0x00004abe                __udivmodsi4
 .text.libgcc.div
                0x00004b02       0x28 c:/program files (x86)/atmel/studio/7.0/toolchain/avr8/avr8-gnu-toolchain/bin/../lib/gcc/avr/5.4.0/avrxmega7\libgcc.a(_divmodsi4.o)
                0x00004b02                __divmodsi4
 .text.libgcc.div
                0x00004b2a       0x10 c:/program files (x86)/atmel/studio/7.0/toolchain/avr8/avr8-gnu-toolchain/bin/../lib/gcc/avr/5.4.0/avrxmega7\libgcc.a(_negsi2.o)
                0x00004b2a                __negsi2
 .text.libgcc   0x00004b3a       0x12 c:/program files (x86)/atmel/studio/7.0/toolchain/avr8/avr8-gnu-toolchain/bin/../lib/gcc/avr/5.4.0/avrxmega7\libgcc.a(_tablejump2.o)
                0x00004b3a                __tablejump2__
 .text.libgcc.mul
                0x00004b4c       0x1e c:/program files (x86)/atmel/studio/7.0/toolchain/avr8/avr8-gnu-toolchain/bin/../lib/gcc/avr/5.4.0/avrxmega7\libgcc.a(_umulhisi3.o)
                0x00004b4c                __umulhisi3
 .text.libgcc.mul
                0x00004b6a       0x14 c:/program files (x86)/atmel/studio/7.0/toolchain/avr8/avr8-gnu-toolchain/bin/../lib/gcc/avr/5.4.0/avrxmega7\libgcc.a(_muluhisi3.o)
                0x00004b6a                __muluhisi3
 .text.libgcc.builtins
                0x00004b7e       0x32 c:/program files (x86)/atmel/studio/7.0/toolchain/avr8/avr8-gnu-toolchain/bin/../lib/gcc/avr/5.4.0/avrxmega7\libgcc.a(_ashldi3.o)
                0x00004b7e                __ashldi3
 .text.libgcc.builtins
                0x00004bb0       0x3c c:/program files (x86)/atmel/studio/7.0/toolchain/avr8/avr8-gnu-toolchain/bin/../lib/gcc/avr/5.4.0/avrxmega7\libgcc.a(_ashrdi3.o)
                0x00004bb0                __ashrdi3
                0x00004bb4                __lshrdi3
 .text.avr-libc
                0x00004bec       0x94 c:/program files (x86)/atmel/studio/7.0/toolchain/avr8/avr8-gnu-toolchain/bin/../lib/gcc/avr/5.4.0/../../../../avr/lib/avrxmega7\libc.a(fdevopen.o)
                0x00004bec                fdevopen
 .text.avr-libc
                0x00004c80       0x26 c:/program files (x86)/atmel/studio/7.0/toolchain/avr8/avr8-gnu-toolchain/bin/../lib/gcc/avr/5.4.0/../../../../avr/lib/avrxmega7\libc.a(printf.o)
                0x00004c80                printf
 .text.avr-libc
                0x00004ca6       0x50 c:/program files (x86)/atmel/studio/7.0/toolchain/avr8/avr8-gnu-toolchain/bin/../lib/gcc/avr/5.4.0/../../../../avr/lib/avrxmega7\libc.a(sprintf.o)
                0x00004ca6                sprintf
 .text.avr-libc
                0x00004cf6       0x36 c:/program files (x86)/atmel/studio/7.0/toolchain/avr8/avr8-gnu-toolchain/bin/../lib/gcc/avr/5.4.0/../../../../avr/lib/avrxmega7\libc.a(sscanf.o)
                0x00004cf6                sscanf
 .text.avr-libc
                0x00004d2c      0x3ee c:/program files (x86)/atmel/studio/7.0/toolchain/avr8/avr8-gnu-toolchain/bin/../lib/gcc/avr/5.4.0/../../../../avr/lib/avrxmega7\libc.a(vfprintf_std.o)
                0x00004d2c                vfprintf
 .text.avr-libc
                0x0000511a      0x586 c:/program files (x86)/atmel/studio/7.0/toolchain/avr8/avr8-gnu-toolchain/bin/../lib/gcc/avr/5.4.0/../../../../avr/lib/avrxmega7\libc.a(vfscanf_std.o)
                0x00005472                vfscanf
 .text.avr-libc
                0x000056a0       0x34 c:/program files (x86)/atmel/studio/7.0/toolchain/avr8/avr8-gnu-toolchain/bin/../lib/gcc/avr/5.4.0/../../../../avr/lib/avrxmega7\libc.a(calloc.o)
                0x000056a0                calloc
 .text.avr-libc
                0x000056d4      0x242 c:/program files (x86)/atmel/studio/7.0/toolchain/avr8/avr8-gnu-toolchain/bin/../lib/gcc/avr/5.4.0/../../../../avr/lib/avrxmega7\libc.a(malloc.o)
                0x000056d4                malloc
                0x00005804                free
 .text.avr-libc
                0x00005916       0x10 c:/program files (x86)/atmel/studio/7.0/toolchain/avr8/avr8-gnu-toolchain/bin/../lib/gcc/avr/5.4.0/../../../../avr/lib/avrxmega7\libc.a(isspace.o)
                0x00005916                isspace
 .text.avr-libc
                0x00005926       0x16 c:/program files (x86)/atmel/studio/7.0/toolchain/avr8/avr8-gnu-toolchain/bin/../lib/gcc/avr/5.4.0/../../../../avr/lib/avrxmega7\libc.a(strchr_P.o)
                0x00005926                strchr_P
 .text.avr-libc
                0x0000593c       0x16 c:/program files (x86)/atmel/studio/7.0/toolchain/avr8/avr8-gnu-toolchain/bin/../lib/gcc/avr/5.4.0/../../../../avr/lib/avrxmega7\libc.a(strnlen_P.o)
                0x0000593c                strnlen_P
 .text.avr-libc
                0x00005952        0xe c:/program files (x86)/atmel/studio/7.0/toolchain/avr8/avr8-gnu-toolchain/bin/../lib/gcc/avr/5.4.0/../../../../avr/lib/avrxmega7\libc.a(memset.o)
                0x00005952                memset
 .text.avr-libc
                0x00005960       0x16 c:/program files (x86)/atmel/studio/7.0/toolchain/avr8/avr8-gnu-toolchain/bin/../lib/gcc/avr/5.4.0/../../../../avr/lib/avrxmega7\libc.a(strnlen.o)
                0x00005960                strnlen
 .text.avr-libc
                0x00005976       0x7c c:/program files (x86)/atmel/studio/7.0/toolchain/avr8/avr8-gnu-toolchain/bin/../lib/gcc/avr/5.4.0/../../../../avr/lib/avrxmega7\libc.a(fgetc.o)
                0x00005976                fgetc
 .text.avr-libc
                0x000059f2       0x78 c:/program files (x86)/atmel/studio/7.0/toolchain/avr8/avr8-gnu-toolchain/bin/../lib/gcc/avr/5.4.0/../../../../avr/lib/avrxmega7\libc.a(fputc.o)
                0x000059f2                fputc
 .text.avr-libc
                0x00005a6a       0x32 c:/program files (x86)/atmel/studio/7.0/toolchain/avr8/avr8-gnu-toolchain/bin/../lib/gcc/avr/5.4.0/../../../../avr/lib/avrxmega7\libc.a(ungetc.o)
                0x00005a6a                ungetc
 .text.avr-libc
                0x00005a9c       0xbc c:/program files (x86)/atmel/studio/7.0/toolchain/avr8/avr8-gnu-toolchain/bin/../lib/gcc/avr/5.4.0/../../../../avr/lib/avrxmega7\libc.a(ultoa_invert.o)
                0x00005a9c                __ultoa_invert
 .text.avr-libc
                0x00005b58        0x6 c:/program files (x86)/atmel/studio/7.0/toolchain/avr8/avr8-gnu-toolchain/bin/../lib/gcc/avr/5.4.0/../../../../avr/lib/avrxmega7\libc.a(cty_isfalse.o)
                0x00005b58                __ctype_isfalse
                0x00005b5c                __ctype_istrue
                0x00005b5e                . = ALIGN (0x2)
 *(.fini9)
 .fini9         0x00005b5e        0x0 c:/program files (x86)/atmel/studio/7.0/toolchain/avr8/avr8-gnu-toolchain/bin/../lib/gcc/avr/5.4.0/avrxmega7\libgcc.a(_exit.o)
                0x00005b5e                _exit
                0x00005b5e                exit
 *(.fini9)
 *(.fini8)
 *(.fini8)
 *(.fini7)
 *(.fini7)
 *(.fini6)
 *(.fini6)
 *(.fini5)
 *(.fini5)
 *(.fini4)
 *(.fini4)
 *(.fini3)
 *(.fini3)
 *(.fini2)
 *(.fini2)
 *(.fini1)
 *(.fini1)
 *(.fini0)
 .fini0         0x00005b5e        0x4 c:/program files (x86)/atmel/studio/7.0/toolchain/avr8/avr8-gnu-toolchain/bin/../lib/gcc/avr/5.4.0/avrxmega7\libgcc.a(_exit.o)
 *(.fini0)
                0x00005b62                _etext = .

.data           0x00802000       0xba load address 0x00005b62
                0x00802000                PROVIDE (__data_start, .)
 *(.data)
 .data          0x00802000        0x6 c:/program files (x86)/atmel/studio/7.0/toolchain/avr8/avr8-gnu-toolchain/bin/../lib/gcc/avr/5.4.0/../../../../avr/lib/avrxmega7\libc.a(malloc.o)
                0x00802000                __malloc_heap_end
                0x00802002                __malloc_heap_start
                0x00802004                __malloc_margin
 *(.data*)
 .data.gps_config.6468
                0x00802006        0x7 src/drivers/mt3339.o
 .data.usart_config.6465
                0x0080200d        0x7 src/drivers/data_logger.o
 .data.data_samples
                0x00802014        0x1 src/main.o
                0x00802014                data_samples
 .data.format   0x00802015        0x2 src/main.o
                0x00802015                format
 .data.rate     0x00802017        0x2 src/main.o
                0x00802017                rate
 .data.servo_pulse
                0x00802019        0x2 src/main.o
                0x00802019                servo_pulse
 .data.g_0      0x0080201b        0x4 src/main.o
                0x0080201b                g_0
 .data.L        0x0080201f        0x4 src/main.o
                0x0080201f                L
 .data.R        0x00802023        0x4 src/main.o
                0x00802023                R
 .data.ground_t
                0x00802027        0x4 src/main.o
                0x00802027                ground_t
 .data.ground_p
                0x0080202b        0x4 src/main.o
                0x0080202b                ground_p
 *(.gnu.linkonce.d*)
 *(.rodata)
 .rodata        0x0080202f       0x1b src/main.o
 *(.rodata*)
 .rodata.str1.1
                0x0080204a       0x6f src/main.o
                                 0x73 (size before relaxing)
 *(.gnu.linkonce.r*)
                0x008020ba                . = ALIGN (0x2)
 *fill*         0x008020b9        0x1 
                0x008020ba                _edata = .
                0x008020ba                PROVIDE (__data_end, .)

.bss            0x008020ba      0x153
                0x008020ba                PROVIDE (__bss_start, .)
 *(.bss)
 *(.bss*)
 .bss.ac_aca_opened
                0x008020ba        0x1 src/ASF/xmega/drivers/ac/ac.o
 .bss.ac_aca_callback
                0x008020bb        0x2 src/ASF/xmega/drivers/ac/ac.o
 .bss.tc_tce0_ccd_callback
                0x008020bd        0x2 src/ASF/xmega/drivers/tc/tc.o
 .bss.tc_tce0_ccc_callback
                0x008020bf        0x2 src/ASF/xmega/drivers/tc/tc.o
 .bss.tc_tce0_ccb_callback
                0x008020c1        0x2 src/ASF/xmega/drivers/tc/tc.o
 .bss.tc_tce0_cca_callback
                0x008020c3        0x2 src/ASF/xmega/drivers/tc/tc.o
 .bss.tc_tce0_err_callback
                0x008020c5        0x2 src/ASF/xmega/drivers/tc/tc.o
 .bss.tc_tcd1_ccb_callback
                0x008020c7        0x2 src/ASF/xmega/drivers/tc/tc.o
 .bss.tc_tcd1_cca_callback
                0x008020c9        0x2 src/ASF/xmega/drivers/tc/tc.o
 .bss.tc_tcd1_err_callback
                0x008020cb        0x2 src/ASF/xmega/drivers/tc/tc.o
 .bss.tc_tcd1_ovf_callback
                0x008020cd        0x2 src/ASF/xmega/drivers/tc/tc.o
 .bss.tc_tcd0_ccd_callback
                0x008020cf        0x2 src/ASF/xmega/drivers/tc/tc.o
 .bss.tc_tcd0_ccc_callback
                0x008020d1        0x2 src/ASF/xmega/drivers/tc/tc.o
 .bss.tc_tcd0_ccb_callback
                0x008020d3        0x2 src/ASF/xmega/drivers/tc/tc.o
 .bss.tc_tcd0_cca_callback
                0x008020d5        0x2 src/ASF/xmega/drivers/tc/tc.o
 .bss.tc_tcd0_err_callback
                0x008020d7        0x2 src/ASF/xmega/drivers/tc/tc.o
 .bss.tc_tcd0_ovf_callback
                0x008020d9        0x2 src/ASF/xmega/drivers/tc/tc.o
 .bss.tc_tcc1_ccb_callback
                0x008020db        0x2 src/ASF/xmega/drivers/tc/tc.o
 .bss.tc_tcc1_cca_callback
                0x008020dd        0x2 src/ASF/xmega/drivers/tc/tc.o
 .bss.tc_tcc1_err_callback
                0x008020df        0x2 src/ASF/xmega/drivers/tc/tc.o
 .bss.tc_tcc1_ovf_callback
                0x008020e1        0x2 src/ASF/xmega/drivers/tc/tc.o
 .bss.tc_tcc0_ccd_callback
                0x008020e3        0x2 src/ASF/xmega/drivers/tc/tc.o
 .bss.tc_tcc0_ccc_callback
                0x008020e5        0x2 src/ASF/xmega/drivers/tc/tc.o
 .bss.tc_tcc0_ccb_callback
                0x008020e7        0x2 src/ASF/xmega/drivers/tc/tc.o
 .bss.tc_tcc0_cca_callback
                0x008020e9        0x2 src/ASF/xmega/drivers/tc/tc.o
 .bss.tc_tcc0_err_callback
                0x008020eb        0x2 src/ASF/xmega/drivers/tc/tc.o
 .bss.tc_tcc0_ovf_callback
                0x008020ed        0x2 src/ASF/xmega/drivers/tc/tc.o
 .bss.transfer  0x008020ef        0xb src/ASF/xmega/drivers/twi/twim.o
 .bss.angle     0x008020fa        0x4 src/main.o
                0x008020fa                angle
 .bss.rpm       0x008020fe        0x4 src/main.o
                0x008020fe                rpm
 .bss.roll      0x00802102        0x4 src/main.o
                0x00802102                roll
 .bss.pitch     0x00802106        0x4 src/main.o
                0x00802106                pitch
 .bss.gps_sats  0x0080210a        0x2 src/main.o
                0x0080210a                gps_sats
 .bss.gps_alt   0x0080210c        0x4 src/main.o
                0x0080210c                gps_alt
 .bss.gps_long  0x00802110        0x4 src/main.o
                0x00802110                gps_long
 .bss.gps_lat   0x00802114        0x4 src/main.o
                0x00802114                gps_lat
 .bss.gps_t     0x00802118        0x4 src/main.o
                0x00802118                gps_t
 .bss.velocity  0x0080211c        0x4 src/main.o
                0x0080211c                velocity
 .bss.volt      0x00802120        0x4 src/main.o
                0x00802120                volt
 .bss.alt       0x00802124        0x4 src/main.o
                0x00802124                alt
 .bss.temp      0x00802128        0x4 src/main.o
                0x00802128                temp
 .bss.press     0x0080212c        0x4 src/main.o
                0x0080212c                press
 .bss.packets   0x00802130        0x2 src/main.o
                0x00802130                packets
 .bss.data_packets
                0x00802132        0x2 src/main.o
                0x00802132                data_packets
 .bss.timer     0x00802134        0x2 src/main.o
                0x00802134                timer
 .bss.idx       0x00802136        0x1 src/main.o
                0x00802136                idx
 .bss.commas    0x00802137        0x1 src/main.o
                0x00802137                commas
 .bss.word_pos  0x00802138        0x1 src/main.o
                0x00802138                word_pos
 .bss.pos       0x00802139        0x1 src/main.o
                0x00802139                pos
 .bss.writing   0x0080213a        0x1 src/main.o
                0x0080213a                writing
 .bss.ticks_per_sec
                0x0080213b        0x2 src/main.o
                0x0080213b                ticks_per_sec
 .bss.ref_yaw   0x0080213d        0x4 src/main.o
                0x0080213d                ref_yaw
 .bss.xbee_comm
                0x00802141        0x1 src/main.o
                0x00802141                xbee_comm
 .bss.c         0x00802142        0xc src/main.o
                0x00802142                c
 .bss.xbee_flag
                0x0080214e        0x1 src/main.o
                0x0080214e                xbee_flag
 .bss.time_flag
                0x0080214f        0x1 src/main.o
                0x0080214f                time_flag
 .bss.released  0x00802150        0x1 src/main.o
                0x00802150                released
 .bss.state     0x00802151        0x1 src/main.o
                0x00802151                state
 *(COMMON)
 COMMON         0x00802152        0x6 src/ASF/common/services/sleepmgr/xmega/sleepmgr.o
                0x00802152                sleepmgr_locks
 COMMON         0x00802158        0x2 src/ASF/common/utils/stdio/read.o
                0x00802158                ptr_get
 COMMON         0x0080215a        0x4 src/ASF/common/utils/stdio/write.o
                0x0080215a                ptr_put
                0x0080215c                stdio_base
 COMMON         0x0080215e        0x2 src/ASF/xmega/drivers/adc/adc.o
                0x0080215e                adca_callback
 COMMON         0x00802160       0x2b src/drivers/IMU.o
                0x00802160                bno055
                0x0080216f                bno055_linear_accel
                0x0080217b                bno055_euler
                0x00802187                mag_calib
                0x00802188                accel_calib
                0x00802189                sys_calib
                0x0080218a                gyro_calib
 COMMON         0x0080218b       0x78 src/main.o
                0x0080218b                gps
                0x0080219a                dec
                0x0080219f                str
 COMMON         0x00802203        0x6 c:/program files (x86)/atmel/studio/7.0/toolchain/avr8/avr8-gnu-toolchain/bin/../lib/gcc/avr/5.4.0/../../../../avr/lib/avrxmega7\libc.a(iob.o)
                0x00802203                __iob
 COMMON         0x00802209        0x4 c:/program files (x86)/atmel/studio/7.0/toolchain/avr8/avr8-gnu-toolchain/bin/../lib/gcc/avr/5.4.0/../../../../avr/lib/avrxmega7\libc.a(malloc.o)
                0x00802209                __brkval
                0x0080220b                __flp
                0x0080220d                PROVIDE (__bss_end, .)
                0x00005b62                __data_load_start = LOADADDR (.data)
                0x00005c1c                __data_load_end = (__data_load_start + SIZEOF (.data))

.noinit         0x0080220d        0x0
                [!provide]                PROVIDE (__noinit_start, .)
 *(.noinit*)
                [!provide]                PROVIDE (__noinit_end, .)
                0x0080220d                _end = .
                0x0080220d                PROVIDE (__heap_start, .)

.eeprom         0x00810000        0x0
 *(.eeprom*)
                0x00810000                __eeprom_end = .

.fuse
 *(.fuse)
 *(.lfuse)
 *(.hfuse)
 *(.efuse)

.lock
 *(.lock*)

.signature
 *(.signature*)

.user_signatures
 *(.user_signatures*)

.stab
 *(.stab)

.stabstr
 *(.stabstr)

.stab.excl
 *(.stab.excl)

.stab.exclstr
 *(.stab.exclstr)

.stab.index
 *(.stab.index)

.stab.indexstr
 *(.stab.indexstr)

.comment        0x00000000       0x5c
 *(.comment)
 .comment       0x00000000       0x30 src/ASF/common/services/sleepmgr/xmega/sleepmgr.o
                                 0x31 (size before relaxing)
 .comment       0x00000030       0x31 src/ASF/common/utils/stdio/read.o
 .comment       0x00000030       0x31 src/ASF/common/utils/stdio/write.o
 .comment       0x00000030       0x31 src/ASF/xmega/drivers/ac/ac.o
 .comment       0x00000030       0x31 src/ASF/xmega/drivers/adc/adc.o
 .comment       0x00000030       0x31 src/ASF/xmega/drivers/adc/xmega_aau/adc_aau.o
 .comment       0x00000030       0x31 src/ASF/xmega/drivers/tc/tc.o
 .comment       0x00000030       0x31 src/ASF/xmega/drivers/twi/twim.o
 .comment       0x00000030       0x31 src/ASF/xmega/drivers/usart/usart.o
 .comment       0x00000030       0x31 src/drivers/IMU.o
 .comment       0x00000030       0x31 src/drivers/spy_cam.o
 .comment       0x00000030       0x31 src/drivers/thermistor.o
 .comment       0x00000030       0x31 src/drivers/mt3339.o
 .comment       0x00000030       0x31 src/drivers/ms5607.o
 .comment       0x00000030       0x31 src/drivers/spi_controller.o
 .comment       0x00000030       0x31 src/drivers/data_logger.o
 .comment       0x00000030       0x31 src/drivers/voltage.o
 .comment       0x00000030       0x31 src/tools/RingBuffer.o
 .comment       0x00000030       0x31 src/ASF/common/services/clock/xmega/sysclk.o
 .comment       0x00000030       0x31 src/main.o
 .comment       0x00000030       0x31 c:/program files (x86)/atmel/studio/7.0/toolchain/avr8/avr8-gnu-toolchain/bin/../lib/gcc/avr/5.4.0/../../../../avr/lib/avrxmega7\libc.a(fdevopen.o)
 .comment       0x00000030       0x31 c:/program files (x86)/atmel/studio/7.0/toolchain/avr8/avr8-gnu-toolchain/bin/../lib/gcc/avr/5.4.0/../../../../avr/lib/avrxmega7\libc.a(iob.o)
 .comment       0x00000030       0x31 c:/program files (x86)/atmel/studio/7.0/toolchain/avr8/avr8-gnu-toolchain/bin/../lib/gcc/avr/5.4.0/../../../../avr/lib/avrxmega7\libc.a(printf.o)
 .comment       0x00000030       0x31 c:/program files (x86)/atmel/studio/7.0/toolchain/avr8/avr8-gnu-toolchain/bin/../lib/gcc/avr/5.4.0/../../../../avr/lib/avrxmega7\libc.a(sprintf.o)
 .comment       0x00000030       0x31 c:/program files (x86)/atmel/studio/7.0/toolchain/avr8/avr8-gnu-toolchain/bin/../lib/gcc/avr/5.4.0/../../../../avr/lib/avrxmega7\libc.a(sscanf.o)
 .comment       0x00000030       0x2c c:/program files (x86)/atmel/studio/7.0/toolchain/avr8/avr8-gnu-toolchain/bin/../lib/gcc/avr/5.4.0/../../../../avr/lib/avrxmega7\libc.a(vfprintf_std.o)
                                 0x2d (size before relaxing)
 .comment       0x0000005c       0x2d c:/program files (x86)/atmel/studio/7.0/toolchain/avr8/avr8-gnu-toolchain/bin/../lib/gcc/avr/5.4.0/../../../../avr/lib/avrxmega7\libc.a(vfscanf_std.o)
 .comment       0x0000005c       0x31 c:/program files (x86)/atmel/studio/7.0/toolchain/avr8/avr8-gnu-toolchain/bin/../lib/gcc/avr/5.4.0/../../../../avr/lib/avrxmega7\libc.a(calloc.o)
 .comment       0x0000005c       0x31 c:/program files (x86)/atmel/studio/7.0/toolchain/avr8/avr8-gnu-toolchain/bin/../lib/gcc/avr/5.4.0/../../../../avr/lib/avrxmega7\libc.a(malloc.o)
 .comment       0x0000005c       0x31 c:/program files (x86)/atmel/studio/7.0/toolchain/avr8/avr8-gnu-toolchain/bin/../lib/gcc/avr/5.4.0/../../../../avr/lib/avrxmega7\libc.a(fgetc.o)
 .comment       0x0000005c       0x31 c:/program files (x86)/atmel/studio/7.0/toolchain/avr8/avr8-gnu-toolchain/bin/../lib/gcc/avr/5.4.0/../../../../avr/lib/avrxmega7\libc.a(fputc.o)
 .comment       0x0000005c       0x31 c:/program files (x86)/atmel/studio/7.0/toolchain/avr8/avr8-gnu-toolchain/bin/../lib/gcc/avr/5.4.0/../../../../avr/lib/avrxmega7\libc.a(ungetc.o)

.note.gnu.avr.deviceinfo
                0x00000000       0x40
 .note.gnu.avr.deviceinfo
                0x00000000       0x40 C:/Program Files (x86)/Atmel/Studio/7.0/Packs/atmel/XMEGAA_DFP/1.1.68/gcc/dev/atxmega128a4u/avrxmega7/crtatxmega128a4u.o

.note.gnu.build-id
 *(.note.gnu.build-id)

.debug
 *(.debug)

.line
 *(.line)

.debug_srcinfo
 *(.debug_srcinfo)

.debug_sfnames
 *(.debug_sfnames)

.debug_aranges  0x00000000      0x7c0
 *(.debug_aranges)
 .debug_aranges
                0x00000000       0x18 src/ASF/common/services/sleepmgr/xmega/sleepmgr.o
 .debug_aranges
                0x00000018       0x20 src/ASF/common/utils/stdio/read.o
 .debug_aranges
                0x00000038       0x20 src/ASF/common/utils/stdio/write.o
 .debug_aranges
                0x00000058       0x60 src/ASF/xmega/drivers/ac/ac.o
 .debug_aranges
                0x000000b8       0x48 src/ASF/xmega/drivers/adc/adc.o
 .debug_aranges
                0x00000100       0x58 src/ASF/xmega/drivers/adc/xmega_aau/adc_aau.o
 .debug_aranges
                0x00000158      0x120 src/ASF/xmega/drivers/tc/tc.o
 .debug_aranges
                0x00000278       0x40 src/ASF/xmega/drivers/twi/twim.o
 .debug_aranges
                0x000002b8       0x58 src/ASF/xmega/drivers/usart/usart.o
 .debug_aranges
                0x00000310       0x98 src/drivers/IMU.o
 .debug_aranges
                0x000003a8       0x28 src/drivers/spy_cam.o
 .debug_aranges
                0x000003d0       0x28 src/drivers/thermistor.o
 .debug_aranges
                0x000003f8       0x30 src/drivers/mt3339.o
 .debug_aranges
                0x00000428       0x58 src/drivers/ms5607.o
 .debug_aranges
                0x00000480       0x38 src/drivers/spi_controller.o
 .debug_aranges
                0x000004b8       0x38 src/drivers/data_logger.o
 .debug_aranges
                0x000004f0       0x28 src/drivers/voltage.o
 .debug_aranges
                0x00000518       0xc0 src/tools/RingBuffer.o
 .debug_aranges
                0x000005d8       0x40 src/ASF/common/services/clock/xmega/sysclk.o
 .debug_aranges
                0x00000618       0x28 src/ASF/xmega/drivers/nvm/nvm_asm.o
 .debug_aranges
                0x00000640       0x20 src/ASF/xmega/drivers/cpu/ccp.o
 .debug_aranges
                0x00000660      0x160 src/main.o

.debug_pubnames
 *(.debug_pubnames)

.debug_info     0x00000000    0x1bbac
 *(.debug_info .gnu.linkonce.wi.*)
 .debug_info    0x00000000     0x284f C:/Program Files (x86)/Atmel/Studio/7.0/Packs/atmel/XMEGAA_DFP/1.1.68/gcc/dev/atxmega128a4u/avrxmega7/crtatxmega128a4u.o
 .debug_info    0x0000284f      0x129 src/ASF/common/services/sleepmgr/xmega/sleepmgr.o
 .debug_info    0x00002978      0x119 src/ASF/common/utils/stdio/read.o
 .debug_info    0x00002a91      0x119 src/ASF/common/utils/stdio/write.o
 .debug_info    0x00002baa      0x961 src/ASF/xmega/drivers/ac/ac.o
 .debug_info    0x0000350b      0xa3c src/ASF/xmega/drivers/adc/adc.o
 .debug_info    0x00003f47      0xd2c src/ASF/xmega/drivers/adc/xmega_aau/adc_aau.o
 .debug_info    0x00004c73     0x16bd src/ASF/xmega/drivers/tc/tc.o
 .debug_info    0x00006330      0x90a src/ASF/xmega/drivers/twi/twim.o
 .debug_info    0x00006c3a     0x2d81 src/ASF/xmega/drivers/usart/usart.o
 .debug_info    0x000099bb     0x268a src/drivers/IMU.o
 .debug_info    0x0000c045      0x388 src/drivers/spy_cam.o
 .debug_info    0x0000c3cd     0x1df9 src/drivers/thermistor.o
 .debug_info    0x0000e1c6     0x1fbc src/drivers/mt3339.o
 .debug_info    0x00010182      0x7d0 src/drivers/ms5607.o
 .debug_info    0x00010952     0x1de7 src/drivers/spi_controller.o
 .debug_info    0x00012739     0x20f4 src/drivers/data_logger.o
 .debug_info    0x0001482d     0x1df9 src/drivers/voltage.o
 .debug_info    0x00016626      0xbfd src/tools/RingBuffer.o
 .debug_info    0x00017223      0x83b src/ASF/common/services/clock/xmega/sysclk.o
 .debug_info    0x00017a5e       0x9b src/ASF/xmega/drivers/nvm/nvm_asm.o
 .debug_info    0x00017af9       0x9b src/ASF/xmega/drivers/cpu/ccp.o
 .debug_info    0x00017b94     0x4018 src/main.o

.debug_abbrev   0x00000000     0x597d
 *(.debug_abbrev)
 .debug_abbrev  0x00000000     0x262c C:/Program Files (x86)/Atmel/Studio/7.0/Packs/atmel/XMEGAA_DFP/1.1.68/gcc/dev/atxmega128a4u/avrxmega7/crtatxmega128a4u.o
 .debug_abbrev  0x0000262c       0x84 src/ASF/common/services/sleepmgr/xmega/sleepmgr.o
 .debug_abbrev  0x000026b0       0xc5 src/ASF/common/utils/stdio/read.o
 .debug_abbrev  0x00002775       0xa7 src/ASF/common/utils/stdio/write.o
 .debug_abbrev  0x0000281c      0x2b3 src/ASF/xmega/drivers/ac/ac.o
 .debug_abbrev  0x00002acf      0x2a7 src/ASF/xmega/drivers/adc/adc.o
 .debug_abbrev  0x00002d76      0x320 src/ASF/xmega/drivers/adc/xmega_aau/adc_aau.o
 .debug_abbrev  0x00003096      0x29b src/ASF/xmega/drivers/tc/tc.o
 .debug_abbrev  0x00003331      0x2e9 src/ASF/xmega/drivers/twi/twim.o
 .debug_abbrev  0x0000361a      0x3f5 src/ASF/xmega/drivers/usart/usart.o
 .debug_abbrev  0x00003a0f      0x3b2 src/drivers/IMU.o
 .debug_abbrev  0x00003dc1      0x13b src/drivers/spy_cam.o
 .debug_abbrev  0x00003efc      0x2b2 src/drivers/thermistor.o
 .debug_abbrev  0x000041ae      0x2c1 src/drivers/mt3339.o
 .debug_abbrev  0x0000446f      0x22c src/drivers/ms5607.o
 .debug_abbrev  0x0000469b      0x23f src/drivers/spi_controller.o
 .debug_abbrev  0x000048da      0x31a src/drivers/data_logger.o
 .debug_abbrev  0x00004bf4      0x2b2 src/drivers/voltage.o
 .debug_abbrev  0x00004ea6      0x321 src/tools/RingBuffer.o
 .debug_abbrev  0x000051c7      0x241 src/ASF/common/services/clock/xmega/sysclk.o
 .debug_abbrev  0x00005408       0x12 src/ASF/xmega/drivers/nvm/nvm_asm.o
 .debug_abbrev  0x0000541a       0x14 src/ASF/xmega/drivers/cpu/ccp.o
 .debug_abbrev  0x0000542e      0x54f src/main.o

.debug_line     0x00000000     0xcd11
 *(.debug_line .debug_line.* .debug_line_end)
 .debug_line    0x00000000      0x3b5 C:/Program Files (x86)/Atmel/Studio/7.0/Packs/atmel/XMEGAA_DFP/1.1.68/gcc/dev/atxmega128a4u/avrxmega7/crtatxmega128a4u.o
 .debug_line    0x000003b5      0x456 src/ASF/common/services/sleepmgr/xmega/sleepmgr.o
 .debug_line    0x0000080b      0x3d3 src/ASF/common/utils/stdio/read.o
 .debug_line    0x00000bde      0x3da src/ASF/common/utils/stdio/write.o
 .debug_line    0x00000fb8      0x936 src/ASF/xmega/drivers/ac/ac.o
 .debug_line    0x000018ee      0x787 src/ASF/xmega/drivers/adc/adc.o
 .debug_line    0x00002075      0x8d2 src/ASF/xmega/drivers/adc/xmega_aau/adc_aau.o
 .debug_line    0x00002947      0xc83 src/ASF/xmega/drivers/tc/tc.o
 .debug_line    0x000035ca      0x625 src/ASF/xmega/drivers/twi/twim.o
 .debug_line    0x00003bef      0xbc2 src/ASF/xmega/drivers/usart/usart.o
 .debug_line    0x000047b1      0xc7b src/drivers/IMU.o
 .debug_line    0x0000542c      0x9b6 src/drivers/spy_cam.o
 .debug_line    0x00005de2      0xa2f src/drivers/thermistor.o
 .debug_line    0x00006811      0xa37 src/drivers/mt3339.o
 .debug_line    0x00007248      0xb66 src/drivers/ms5607.o
 .debug_line    0x00007dae      0xa5c src/drivers/spi_controller.o
 .debug_line    0x0000880a      0xa7f src/drivers/data_logger.o
 .debug_line    0x00009289      0xa29 src/drivers/voltage.o
 .debug_line    0x00009cb2      0xe9f src/tools/RingBuffer.o
 .debug_line    0x0000ab51      0x6a8 src/ASF/common/services/clock/xmega/sysclk.o
 .debug_line    0x0000b1f9      0x11f src/ASF/xmega/drivers/nvm/nvm_asm.o
 .debug_line    0x0000b318       0x6e src/ASF/xmega/drivers/cpu/ccp.o
 .debug_line    0x0000b386     0x198b src/main.o

.debug_frame    0x00000000     0x20cc
 *(.debug_frame)
 .debug_frame   0x00000000       0x34 src/ASF/common/utils/stdio/read.o
 .debug_frame   0x00000034       0x24 src/ASF/common/utils/stdio/write.o
 .debug_frame   0x00000058      0x1f8 src/ASF/xmega/drivers/ac/ac.o
 .debug_frame   0x00000250       0xbc src/ASF/xmega/drivers/adc/adc.o
 .debug_frame   0x0000030c      0x284 src/ASF/xmega/drivers/adc/xmega_aau/adc_aau.o
 .debug_frame   0x00000590      0x95c src/ASF/xmega/drivers/tc/tc.o
 .debug_frame   0x00000eec      0x110 src/ASF/xmega/drivers/twi/twim.o
 .debug_frame   0x00000ffc      0x14c src/ASF/xmega/drivers/usart/usart.o
 .debug_frame   0x00001148      0x1c4 src/drivers/IMU.o
 .debug_frame   0x0000130c       0x34 src/drivers/spy_cam.o
 .debug_frame   0x00001340       0x50 src/drivers/thermistor.o
 .debug_frame   0x00001390       0x64 src/drivers/mt3339.o
 .debug_frame   0x000013f4       0xdc src/drivers/ms5607.o
 .debug_frame   0x000014d0       0x54 src/drivers/spi_controller.o
 .debug_frame   0x00001524       0x80 src/drivers/data_logger.o
 .debug_frame   0x000015a4       0x50 src/drivers/voltage.o
 .debug_frame   0x000015f4      0x2ac src/tools/RingBuffer.o
 .debug_frame   0x000018a0       0xa4 src/ASF/common/services/clock/xmega/sysclk.o
 .debug_frame   0x00001944      0x788 src/main.o

.debug_str      0x00000000    0x39197
 *(.debug_str)
 .debug_str     0x00000000     0x1aa8 C:/Program Files (x86)/Atmel/Studio/7.0/Packs/atmel/XMEGAA_DFP/1.1.68/gcc/dev/atxmega128a4u/avrxmega7/crtatxmega128a4u.o
 .debug_str     0x00001aa8    0x2655c src/ASF/common/services/sleepmgr/xmega/sleepmgr.o
                              0x26ba6 (size before relaxing)
 .debug_str     0x00028004       0x38 src/ASF/common/utils/stdio/read.o
                              0x26801 (size before relaxing)
 .debug_str     0x0002803c       0x2e src/ASF/common/utils/stdio/write.o
                              0x26803 (size before relaxing)
 .debug_str     0x0002806a     0x1631 src/ASF/xmega/drivers/ac/ac.o
                              0x2820c (size before relaxing)
 .debug_str     0x0002969b      0xa06 src/ASF/xmega/drivers/adc/adc.o
                              0x28959 (size before relaxing)
 .debug_str     0x0002a0a1      0x58e src/ASF/xmega/drivers/adc/xmega_aau/adc_aau.o
                              0x28bce (size before relaxing)
 .debug_str     0x0002a62f      0x7f9 src/ASF/xmega/drivers/tc/tc.o
                              0x287e0 (size before relaxing)
 .debug_str     0x0002ae28      0x56d src/ASF/xmega/drivers/twi/twim.o
                              0x26e86 (size before relaxing)
 .debug_str     0x0002b395      0xbf7 src/ASF/xmega/drivers/usart/usart.o
                              0x28f30 (size before relaxing)
 .debug_str     0x0002bf8c     0xb73e src/drivers/IMU.o
                              0x34c34 (size before relaxing)
 .debug_str     0x000376ca       0x39 src/drivers/spy_cam.o
                              0x2935d (size before relaxing)
 .debug_str     0x00037703       0x8d src/drivers/thermistor.o
                              0x29f67 (size before relaxing)
 .debug_str     0x00037790      0x1fa src/drivers/mt3339.o
                              0x2a013 (size before relaxing)
 .debug_str     0x0003798a      0x23b src/drivers/ms5607.o
                              0x29781 (size before relaxing)
 .debug_str     0x00037bc5       0x46 src/drivers/spi_controller.o
                              0x29b8e (size before relaxing)
 .debug_str     0x00037c0b      0x197 src/drivers/data_logger.o
                              0x2a0e4 (size before relaxing)
 .debug_str     0x00037da2       0x87 src/drivers/voltage.o
                              0x29f61 (size before relaxing)
 .debug_str     0x00037e29      0x1d1 src/tools/RingBuffer.o
                              0x29466 (size before relaxing)
 .debug_str     0x00037ffa      0x232 src/ASF/common/services/clock/xmega/sysclk.o
                              0x27f66 (size before relaxing)
 .debug_str     0x0003822c      0xf6b src/main.o
                              0x35f03 (size before relaxing)

.debug_loc      0x00000000     0x7484
 *(.debug_loc)
 .debug_loc     0x00000000       0x6e src/ASF/common/utils/stdio/read.o
 .debug_loc     0x0000006e       0x52 src/ASF/common/utils/stdio/write.o
 .debug_loc     0x000000c0      0x781 src/ASF/xmega/drivers/ac/ac.o
 .debug_loc     0x00000841      0x25b src/ASF/xmega/drivers/adc/adc.o
 .debug_loc     0x00000a9c      0x993 src/ASF/xmega/drivers/adc/xmega_aau/adc_aau.o
 .debug_loc     0x0000142f     0x153d src/ASF/xmega/drivers/tc/tc.o
 .debug_loc     0x0000296c      0x4b4 src/ASF/xmega/drivers/twi/twim.o
 .debug_loc     0x00002e20      0xdfa src/ASF/xmega/drivers/usart/usart.o
 .debug_loc     0x00003c1a      0x539 src/drivers/IMU.o
 .debug_loc     0x00004153       0xc2 src/drivers/thermistor.o
 .debug_loc     0x00004215      0x10f src/drivers/mt3339.o
 .debug_loc     0x00004324      0x224 src/drivers/ms5607.o
 .debug_loc     0x00004548       0x65 src/drivers/spi_controller.o
 .debug_loc     0x000045ad      0x1f7 src/drivers/data_logger.o
 .debug_loc     0x000047a4       0xc2 src/drivers/voltage.o
 .debug_loc     0x00004866      0xaf9 src/tools/RingBuffer.o
 .debug_loc     0x0000535f      0x301 src/ASF/common/services/clock/xmega/sysclk.o
 .debug_loc     0x00005660     0x1e24 src/main.o

.debug_macinfo
 *(.debug_macinfo)

.debug_weaknames
 *(.debug_weaknames)

.debug_funcnames
 *(.debug_funcnames)

.debug_typenames
 *(.debug_typenames)

.debug_varnames
 *(.debug_varnames)

.debug_pubtypes
 *(.debug_pubtypes)

.debug_ranges   0x00000000      0x730
 *(.debug_ranges)
 .debug_ranges  0x00000000       0x10 src/ASF/common/utils/stdio/read.o
 .debug_ranges  0x00000010       0x10 src/ASF/common/utils/stdio/write.o
 .debug_ranges  0x00000020       0x50 src/ASF/xmega/drivers/ac/ac.o
 .debug_ranges  0x00000070       0x38 src/ASF/xmega/drivers/adc/adc.o
 .debug_ranges  0x000000a8       0x48 src/ASF/xmega/drivers/adc/xmega_aau/adc_aau.o
 .debug_ranges  0x000000f0      0x110 src/ASF/xmega/drivers/tc/tc.o
 .debug_ranges  0x00000200       0x60 src/ASF/xmega/drivers/twi/twim.o
 .debug_ranges  0x00000260       0x80 src/ASF/xmega/drivers/usart/usart.o
 .debug_ranges  0x000002e0       0x88 src/drivers/IMU.o
 .debug_ranges  0x00000368       0x18 src/drivers/spy_cam.o
 .debug_ranges  0x00000380       0x18 src/drivers/thermistor.o
 .debug_ranges  0x00000398       0x20 src/drivers/mt3339.o
 .debug_ranges  0x000003b8       0x48 src/drivers/ms5607.o
 .debug_ranges  0x00000400       0x28 src/drivers/spi_controller.o
 .debug_ranges  0x00000428       0x28 src/drivers/data_logger.o
 .debug_ranges  0x00000450       0x18 src/drivers/voltage.o
 .debug_ranges  0x00000468       0xb0 src/tools/RingBuffer.o
 .debug_ranges  0x00000518       0x30 src/ASF/common/services/clock/xmega/sysclk.o
 .debug_ranges  0x00000548       0x20 src/ASF/xmega/drivers/nvm/nvm_asm.o
 .debug_ranges  0x00000568      0x1c8 src/main.o

.debug_macro    0x00000000     0xe587
 *(.debug_macro)
 .debug_macro   0x00000000      0x1a3 src/ASF/common/services/sleepmgr/xmega/sleepmgr.o
 .debug_macro   0x000001a3      0xa90 src/ASF/common/services/sleepmgr/xmega/sleepmgr.o
 .debug_macro   0x00000c33       0x10 src/ASF/common/services/sleepmgr/xmega/sleepmgr.o
 .debug_macro   0x00000c43      0x1c9 src/ASF/common/services/sleepmgr/xmega/sleepmgr.o
 .debug_macro   0x00000e0c      0x2fc src/ASF/common/services/sleepmgr/xmega/sleepmgr.o
 .debug_macro   0x00001108       0x9e src/ASF/common/services/sleepmgr/xmega/sleepmgr.o
 .debug_macro   0x000011a6     0x5948 src/ASF/common/services/sleepmgr/xmega/sleepmgr.o
 .debug_macro   0x00006aee       0x9a src/ASF/common/services/sleepmgr/xmega/sleepmgr.o
 .debug_macro   0x00006b88       0xf1 src/ASF/common/services/sleepmgr/xmega/sleepmgr.o
 .debug_macro   0x00006c79       0x34 src/ASF/common/services/sleepmgr/xmega/sleepmgr.o
 .debug_macro   0x00006cad       0x16 src/ASF/common/services/sleepmgr/xmega/sleepmgr.o
 .debug_macro   0x00006cc3       0x18 src/ASF/common/services/sleepmgr/xmega/sleepmgr.o
 .debug_macro   0x00006cdb       0x5e src/ASF/common/services/sleepmgr/xmega/sleepmgr.o
 .debug_macro   0x00006d39       0x10 src/ASF/common/services/sleepmgr/xmega/sleepmgr.o
 .debug_macro   0x00006d49       0x22 src/ASF/common/services/sleepmgr/xmega/sleepmgr.o
 .debug_macro   0x00006d6b      0x16d src/ASF/common/services/sleepmgr/xmega/sleepmgr.o
 .debug_macro   0x00006ed8       0x1c src/ASF/common/services/sleepmgr/xmega/sleepmgr.o
 .debug_macro   0x00006ef4       0x35 src/ASF/common/services/sleepmgr/xmega/sleepmgr.o
 .debug_macro   0x00006f29       0x66 src/ASF/common/services/sleepmgr/xmega/sleepmgr.o
 .debug_macro   0x00006f8f      0x6d7 src/ASF/common/services/sleepmgr/xmega/sleepmgr.o
 .debug_macro   0x00007666       0x96 src/ASF/common/services/sleepmgr/xmega/sleepmgr.o
 .debug_macro   0x000076fc       0x17 src/ASF/common/services/sleepmgr/xmega/sleepmgr.o
 .debug_macro   0x00007713      0x250 src/ASF/common/services/sleepmgr/xmega/sleepmgr.o
 .debug_macro   0x00007963       0x76 src/ASF/common/services/sleepmgr/xmega/sleepmgr.o
 .debug_macro   0x000079d9       0x16 src/ASF/common/services/sleepmgr/xmega/sleepmgr.o
 .debug_macro   0x000079ef      0x6d9 src/ASF/common/services/sleepmgr/xmega/sleepmgr.o
 .debug_macro   0x000080c8       0x10 src/ASF/common/services/sleepmgr/xmega/sleepmgr.o
 .debug_macro   0x000080d8      0x175 src/ASF/common/services/sleepmgr/xmega/sleepmgr.o
 .debug_macro   0x0000824d       0x40 src/ASF/common/services/sleepmgr/xmega/sleepmgr.o
 .debug_macro   0x0000828d       0x69 src/ASF/common/services/sleepmgr/xmega/sleepmgr.o
 .debug_macro   0x000082f6       0x31 src/ASF/common/services/sleepmgr/xmega/sleepmgr.o
 .debug_macro   0x00008327       0xe4 src/ASF/common/services/sleepmgr/xmega/sleepmgr.o
 .debug_macro   0x0000840b       0x10 src/ASF/common/services/sleepmgr/xmega/sleepmgr.o
 .debug_macro   0x0000841b       0x42 src/ASF/common/services/sleepmgr/xmega/sleepmgr.o
 .debug_macro   0x0000845d      0x16d src/ASF/common/utils/stdio/read.o
 .debug_macro   0x000085ca      0x16d src/ASF/common/utils/stdio/write.o
 .debug_macro   0x00008737      0x22b src/ASF/xmega/drivers/ac/ac.o
 .debug_macro   0x00008962      0x302 src/ASF/xmega/drivers/ac/ac.o
 .debug_macro   0x00008c64       0x22 src/ASF/xmega/drivers/ac/ac.o
 .debug_macro   0x00008c86      0x2c3 src/ASF/xmega/drivers/ac/ac.o
 .debug_macro   0x00008f49       0x64 src/ASF/xmega/drivers/ac/ac.o
 .debug_macro   0x00008fad       0x2f src/ASF/xmega/drivers/ac/ac.o
 .debug_macro   0x00008fdc      0x154 src/ASF/xmega/drivers/ac/ac.o
 .debug_macro   0x00009130      0x23a src/ASF/xmega/drivers/adc/adc.o
 .debug_macro   0x0000936a       0x10 src/ASF/xmega/drivers/adc/adc.o
 .debug_macro   0x0000937a       0x20 src/ASF/xmega/drivers/adc/adc.o
 .debug_macro   0x0000939a       0xe3 src/ASF/xmega/drivers/adc/adc.o
 .debug_macro   0x0000947d      0x23a src/ASF/xmega/drivers/adc/xmega_aau/adc_aau.o
 .debug_macro   0x000096b7      0x230 src/ASF/xmega/drivers/tc/tc.o
 .debug_macro   0x000098e7       0x12 src/ASF/xmega/drivers/tc/tc.o
 .debug_macro   0x000098f9      0x198 src/ASF/xmega/drivers/twi/twim.o
 .debug_macro   0x00009a91       0x16 src/ASF/xmega/drivers/twi/twim.o
 .debug_macro   0x00009aa7       0x22 src/ASF/xmega/drivers/twi/twim.o
 .debug_macro   0x00009ac9       0x10 src/ASF/xmega/drivers/twi/twim.o
 .debug_macro   0x00009ad9      0x219 src/ASF/xmega/drivers/usart/usart.o
 .debug_macro   0x00009cf2       0x34 src/ASF/xmega/drivers/usart/usart.o
 .debug_macro   0x00009d26       0x7c src/ASF/xmega/drivers/usart/usart.o
 .debug_macro   0x00009da2      0x390 src/drivers/IMU.o
 .debug_macro   0x0000a132       0x16 src/drivers/IMU.o
 .debug_macro   0x0000a148     0x1e5d src/drivers/IMU.o
 .debug_macro   0x0000bfa5       0x28 src/drivers/IMU.o
 .debug_macro   0x0000bfcd      0x370 src/drivers/spy_cam.o
 .debug_macro   0x0000c33d      0x36f src/drivers/thermistor.o
 .debug_macro   0x0000c6ac       0x1c src/drivers/thermistor.o
 .debug_macro   0x0000c6c8      0x387 src/drivers/mt3339.o
 .debug_macro   0x0000ca4f       0x40 src/drivers/mt3339.o
 .debug_macro   0x0000ca8f      0x379 src/drivers/ms5607.o
 .debug_macro   0x0000ce08       0x6a src/drivers/ms5607.o
 .debug_macro   0x0000ce72      0x370 src/drivers/spi_controller.o
 .debug_macro   0x0000d1e2      0x387 src/drivers/data_logger.o
 .debug_macro   0x0000d569       0x34 src/drivers/data_logger.o
 .debug_macro   0x0000d59d      0x36f src/drivers/voltage.o
 .debug_macro   0x0000d90c       0x1c src/drivers/voltage.o
 .debug_macro   0x0000d928      0x371 src/tools/RingBuffer.o
 .debug_macro   0x0000dc99       0xaa src/tools/RingBuffer.o
 .debug_macro   0x0000dd43      0x1e6 src/ASF/common/services/clock/xmega/sysclk.o
 .debug_macro   0x0000df29      0x4fe src/main.o
 .debug_macro   0x0000e427      0x160 src/main.o
OUTPUT(SkyFire.elf elf32-avr)
LOAD linker stubs
